 myModule

 Timestamp is 5bc707d7 (Wed Oct 17 12:58:47 2018)

 Preferred load address is 0000000180000000

 Start         Length     Name                   Class
 0001:00000000 000002b0H .text$di                CODE
 0001:000002b0 00014140H .text$mn                CODE
 0001:000143f0 00000120H .text$mn$00             CODE
 0001:00014510 000003d0H .text$x                 CODE
 0001:000148e0 000000b4H .text$yd                CODE
 0002:00000000 00000258H .idata$5                DATA
 0002:00000258 00000010H .00cfg                  DATA
 0002:00000268 00000008H .CRT$XCA                DATA
 0002:00000270 00000018H .CRT$XCC                DATA
 0002:00000288 00000010H .CRT$XCL                DATA
 0002:00000298 00000020H .CRT$XCU                DATA
 0002:000002b8 00000008H .CRT$XCZ                DATA
 0002:000002c0 00000008H .CRT$XIA                DATA
 0002:000002c8 00000028H .CRT$XIC                DATA
 0002:000002f0 00000008H .CRT$XIZ                DATA
 0002:000002f8 00000008H .CRT$XPA                DATA
 0002:00000300 00000010H .CRT$XPX                DATA
 0002:00000310 00000008H .CRT$XPXA               DATA
 0002:00000318 00000008H .CRT$XPZ                DATA
 0002:00000320 00000008H .CRT$XTA                DATA
 0002:00000328 00000008H .CRT$XTZ                DATA
 0002:00000330 00000000H .gfids$y                DATA
 0002:00000330 0000f8a0H .rdata                  DATA
 0002:0000fbd0 0000016cH .rdata$r                DATA
 0002:0000fd3c 00000404H .rdata$zzzdbg           DATA
 0002:00010140 00000008H .rtc$IAA                DATA
 0002:00010148 00000008H .rtc$IZZ                DATA
 0002:00010150 00000008H .rtc$TAA                DATA
 0002:00010158 00000008H .rtc$TZZ                DATA
 0002:00010160 00001108H .xdata                  DATA
 0002:00011268 00000084H .xdata$x                DATA
 0002:000112ec 00000020H .didat$2                DATA
 0002:0001130c 00000024H .didat$3                DATA
 0002:00011330 00000090H .didat$4                DATA
 0002:000113c0 00000438H .didat$6                DATA
 0002:000117f8 00000098H .didat$7                DATA
 0002:00011890 00000054H .edata                  DATA
 0002:000118e4 00000014H .idata$2                DATA
 0002:000118f8 00000018H .idata$3                DATA
 0002:00011910 00000258H .idata$4                DATA
 0002:00011b68 0000056eH .idata$6                DATA
 0003:00000000 00000a20H .data                   DATA
 0003:00000a20 00000070H .data$r                 DATA
 0003:00000a90 00000090H .didat$5                DATA
 0003:00000b20 000017f0H .bss                    DATA
 0004:00000000 000013a4H .pdata                  DATA
 0005:00000000 00000060H .rsrc$01                DATA
 0005:00000060 00000180H .rsrc$02                DATA

  Address         Publics by Value              Rva+Base               Lib:Object

 0000:00000000       __volatile_metadata        0000000000000000     <absolute>
 0000:00000000       __hybrid_code_map          0000000000000000     <absolute>
 0000:00000000       __hybrid_code_map_count    0000000000000000     <absolute>
 0000:00000000       __guard_fids_count         0000000000000000     <absolute>
 0000:00000000       __guard_longjmp_count      0000000000000000     <absolute>
 0000:00000000       __guard_longjmp_table      0000000000000000     <absolute>
 0000:00000000       __guard_iat_count          0000000000000000     <absolute>
 0000:00000000       __guard_iat_table          0000000000000000     <absolute>
 0000:00000000       ___safe_se_handler_count   0000000000000000     <absolute>
 0000:00000000       __enclave_config           0000000000000000     <absolute>
 0000:00000000       ___safe_se_handler_table   0000000000000000     <absolute>
 0000:00000000       __guard_fids_table         0000000000000000     <absolute>
 0000:00000000       __hybrid_auxiliary_iat     0000000000000000     <absolute>
 0000:00000000       __dynamic_value_reloc_table 0000000000000000     <absolute>
 0000:00000100       __guard_flags              0000000000000100     <absolute>
 0000:00000000       __ImageBase                0000000180000000     <linker-defined>
 0001:000002b0       __local_stdio_printf_options 00000001800012b0 f i ap.obj
 0001:000002c0       ?ae_break@alglib_impl@@YAXPEAUae_state@1@W4ae_error_type@1@PEBD@Z 00000001800012c0 f   ap.obj
 0001:00000320       ?ae_state_init@alglib_impl@@YAXPEAUae_state@1@@Z 0000000180001320 f   ap.obj
 0001:00000410       ?ae_state_clear@alglib_impl@@YAXPEAUae_state@1@@Z 0000000180001410 f   ap.obj
 0001:000004b0       ?lngamma@alglib_impl@@YANNPEANPEAUae_state@1@@Z 00000001800014b0 f   specialfunctions.obj
 0001:000008f0       ?invnormaldistribution@alglib_impl@@YANNPEAUae_state@1@@Z 00000001800018f0 f   specialfunctions.obj
 0001:00000cc0       ?incompletegamma@alglib_impl@@YANNNPEAUae_state@1@@Z 0000000180001cc0 f   specialfunctions.obj
 0001:00000ed0       ?incompletegammac@alglib_impl@@YANNNPEAUae_state@1@@Z 0000000180001ed0 f   specialfunctions.obj
 0001:00001260       ?invincompletegammac@alglib_impl@@YANNNPEAUae_state@1@@Z 0000000180002260 f   specialfunctions.obj
 0001:00001820       ?poissondistribution@alglib_impl@@YAN_JNPEAUae_state@1@@Z 0000000180002820 f   specialfunctions.obj
 0001:00001880       ?invpoissondistribution@alglib_impl@@YAN_JNPEAUae_state@1@@Z 0000000180002880 f   specialfunctions.obj
 0001:00001910       ?NODE_SET_METHOD@node@@YAXV?$Local@VObject@v8@@@v8@@PEBDP6AXAEBV?$FunctionCallbackInfo@VValue@v8@@@3@@Z@Z 0000000180002910 f i index.obj
 0001:00001a00       ?Method@demo@@YAXAEBV?$FunctionCallbackInfo@VValue@v8@@@v8@@@Z 0000000180002a00 f   index.obj
 0001:00001bc0       ?Method2@demo@@YAXAEBV?$FunctionCallbackInfo@VValue@v8@@@v8@@@Z 0000000180002bc0 f   index.obj
 0001:00001d50       ?Initialize@demo@@YAXV?$Local@VObject@v8@@@v8@@@Z 0000000180002d50 f   index.obj
 0001:00001dec       __imp_load_?ThrowException@Isolate@v8@@QEAA?AV?$Local@VValue@v8@@@2@V32@@Z 0000000180002dec f   node:node.exe
 0001:00001df8       __tailMerge_node_exe       0000000180002df8     node:node.exe
 0001:00001e71       __imp_load_?GetCurrent@Isolate@v8@@SAPEAV12@XZ 0000000180002e71 f   node:node.exe
 0001:00001e7d       __imp_load_??1HandleScope@v8@@QEAA@XZ 0000000180002e7d f   node:node.exe
 0001:00001e89       __imp_load_??0HandleScope@v8@@QEAA@PEAVIsolate@1@@Z 0000000180002e89 f   node:node.exe
 0001:00001e95       __imp_load_?TypeError@Exception@v8@@SA?AV?$Local@VValue@v8@@@2@V?$Local@VString@v8@@@2@@Z 0000000180002e95 f   node:node.exe
 0001:00001ea1       __imp_load_?GetFunction@FunctionTemplate@v8@@QEAA?AV?$Local@VFunction@v8@@@2@XZ 0000000180002ea1 f   node:node.exe
 0001:00001ead       __imp_load_?New@FunctionTemplate@v8@@SA?AV?$Local@VFunctionTemplate@v8@@@2@PEAVIsolate@2@P6AXAEBV?$FunctionCallbackInfo@VValue@v8@@@2@@ZV?$Local@VValue@v8@@@2@V?$Local@VSignature@v8@@@2@HW4ConstructorBehavior@2@W4SideEffectType@2@@Z 0000000180002ead f   node:node.exe
 0001:00001eb9       __imp_load_?ToLocalEmpty@V8@v8@@CAXXZ 0000000180002eb9 f   node:node.exe
 0001:00001ec5       __imp_load_?NumberValue@Value@v8@@QEBANXZ 0000000180002ec5 f   node:node.exe
 0001:00001ed1       __imp_load_?IsNumber@Value@v8@@QEBA_NXZ 0000000180002ed1 f   node:node.exe
 0001:00001edd       __imp_load_?IsArray@Value@v8@@QEBA_NXZ 0000000180002edd f   node:node.exe
 0001:00001ee9       __imp_load_?NewFromUtf8@String@v8@@SA?AV?$Local@VString@v8@@@2@PEAVIsolate@2@PEBDW4NewStringType@12@H@Z 0000000180002ee9 f   node:node.exe
 0001:00001ef5       __imp_load_?NewFromUtf8@String@v8@@SA?AV?$MaybeLocal@VString@v8@@@2@PEAVIsolate@2@PEBDW4NewStringType@2@H@Z 0000000180002ef5 f   node:node.exe
 0001:00001f01       __imp_load_?New@Number@v8@@SA?AV?$Local@VNumber@v8@@@2@PEAVIsolate@2@N@Z 0000000180002f01 f   node:node.exe
 0001:00001f0d       __imp_load_?Set@Object@v8@@QEAA_NV?$Local@VValue@v8@@@2@0@Z 0000000180002f0d f   node:node.exe
 0001:00001f19       __imp_load_?SetName@Function@v8@@QEAAXV?$Local@VString@v8@@@2@@Z 0000000180002f19 f   node:node.exe
 0001:00001f25       __imp_load_node_module_register 0000000180002f25 f   node:node.exe
 0001:00001f34       ??0_Init_locks@std@@QEAA@XZ 0000000180002f34 f   libcpmt:xlock.obj
 0001:00001f80       ??1_Init_locks@std@@QEAA@XZ 0000000180002f80 f   libcpmt:xlock.obj
 0001:00001fc4       ??0exception@std@@QEAA@AEBV01@@Z 0000000180002fc4 f i libcpmt:xonce.obj
 0001:00001ffc       ??_Ebad_exception@std@@UEAAPEAXI@Z 0000000180002ffc f i libvcruntime:frame.obj
 0001:00001ffc       ??_Gexception@std@@UEAAPEAXI@Z 0000000180002ffc f i libcpmt:xonce.obj
 0001:00001ffc       ??_Eexception@std@@UEAAPEAXI@Z 0000000180002ffc f i libcpmt:xonce.obj
 0001:00001ffc       ??_Gbad_exception@std@@UEAAPEAXI@Z 0000000180002ffc f i libvcruntime:frame.obj
 0001:00002040       ?what@exception@std@@UEBAPEBDXZ 0000000180003040 f i libcpmt:xonce.obj
 0001:00002054       ??1_Fac_tidy_reg_t@std@@QEAA@XZ 0000000180003054 f i libcpmt:locale0.obj
 0001:000020bc       _Mtxdst                    00000001800030bc f   libcpmt:xmtx.obj
 0001:000020c4       _Mtxinit                   00000001800030c4 f   libcpmt:xmtx.obj
 0001:000025a4       __crtInitializeCriticalSectionEx 00000001800035a4 f   libcpmt:winapisupp.obj
 0001:000025f0       __security_check_cookie    00000001800035f0 f   LIBCMT:_amdsecgs_.obj
 0001:00002614       __raise_securityfailure    0000000180003614 f   LIBCMT:gs_report.obj
 0001:00002648       __report_gsfailure         0000000180003648 f   LIBCMT:gs_report.obj
 0001:0000271c       __report_rangecheckfailure 000000018000371c f   LIBCMT:gs_report.obj
 0001:00002730       __report_securityfailure   0000000180003730 f   LIBCMT:gs_report.obj
 0001:000028b0       ??3@YAXPEAX_K@Z            00000001800038b0 f   LIBCMT:delete_scalar_size.obj
 0001:000028b8       ??_Gtype_info@@UEAAPEAXI@Z 00000001800038b8 f i LIBCMT:std_type_info_static.obj
 0001:000028b8       ??_Etype_info@@UEAAPEAXI@Z 00000001800038b8 f i LIBCMT:std_type_info_static.obj
 0001:00002c14       _DllMainCRTStartup         0000000180003c14 f   LIBCMT:dll_dllmain.obj
 0001:00002c54       __scrt_acquire_startup_lock 0000000180003c54 f   LIBCMT:utility.obj
 0001:00002c90       __scrt_dllmain_after_initialize_c 0000000180003c90 f   LIBCMT:utility.obj
 0001:00002cc4       __scrt_dllmain_before_initialize_c 0000000180003cc4 f   LIBCMT:utility.obj
 0001:00002cdc       __scrt_dllmain_crt_thread_attach 0000000180003cdc f   LIBCMT:utility.obj
 0001:00002d04       __scrt_dllmain_crt_thread_detach 0000000180003d04 f   LIBCMT:utility.obj
 0001:00002d1c       __scrt_dllmain_exception_filter 0000000180003d1c f   LIBCMT:utility.obj
 0001:00002d7c       __scrt_dllmain_uninitialize_c 0000000180003d7c f   LIBCMT:utility.obj
 0001:00002dac       __scrt_dllmain_uninitialize_critical 0000000180003dac f   LIBCMT:utility.obj
 0001:00002dc0       __scrt_initialize_crt      0000000180003dc0 f   LIBCMT:utility.obj
 0001:00002e0c       __scrt_initialize_onexit_tables 0000000180003e0c f   LIBCMT:utility.obj
 0001:00002ee4       __scrt_is_nonwritable_in_current_image 0000000180003ee4 f   LIBCMT:utility.obj
 0001:00002f80       __scrt_release_startup_lock 0000000180003f80 f   LIBCMT:utility.obj
 0001:00002fa4       __scrt_uninitialize_crt    0000000180003fa4 f   LIBCMT:utility.obj
 0001:00002fd0       _onexit                    0000000180003fd0 f   LIBCMT:utility.obj
 0001:00003020       atexit                     0000000180004020 f   LIBCMT:utility.obj
 0001:00003038       __GSHandlerCheck           0000000180004038 f   LIBCMT:_gshandler_.obj
 0001:00003058       __GSHandlerCheckCommon     0000000180004058 f   LIBCMT:_gshandler_.obj
 0001:000030b4       __GSHandlerCheck_EH        00000001800040b4 f   LIBCMT:gshandlereh.obj
 0001:00003134       _guard_check_icall_nop     0000000180004134 f i LIBCMT:guard_support.obj
 0001:00003150       __chkstk                   0000000180004150 f   LIBCMT:_chkstk_.obj
 0001:00003150       _alloca_probe              0000000180004150 f   LIBCMT:_chkstk_.obj
 0001:000031a4       ??3@YAXPEAX@Z              00000001800041a4 f   LIBCMT:delete_scalar.obj
 0001:000031ac       __security_init_cookie     00000001800041ac f   LIBCMT:gs_support.obj
 0001:00003258       DllMain                    0000000180004258 f   LIBCMT:dll_dllmain_stub.obj
 0001:00003258       _get_startup_argv_mode     0000000180004258 f   LIBCMT:argv_mode.obj
 0001:00003260       ?__scrt_initialize_type_info@@YAXXZ 0000000180004260 f   LIBCMT:tncleanup.obj
 0001:00003270       ?__scrt_uninitialize_type_info@@YAXXZ 0000000180004270 f   LIBCMT:tncleanup.obj
 0001:0000327c       __local_stdio_scanf_options 000000018000427c f i LIBCMT:default_local_stdio_options.obj
 0001:00003284       __scrt_initialize_default_local_stdio_options 0000000180004284 f   LIBCMT:default_local_stdio_options.obj
 0001:000032a0       __scrt_get_dyn_tls_init_callback 00000001800042a0 f   LIBCMT:dyn_tls_init.obj
 0001:000032a8       __crt_debugger_hook        00000001800042a8 f   LIBCMT:utility_desktop.obj
 0001:000032b0       __scrt_fastfail            00000001800042b0 f   LIBCMT:utility_desktop.obj
 0001:000033fc       _RTC_Initialize            00000001800043fc f   LIBCMT:_initsect_.obj
 0001:00003438       _RTC_Terminate             0000000180004438 f   LIBCMT:_initsect_.obj
 0001:00003474       __isa_available_init       0000000180004474 f   LIBCMT:_cpu_disp_.obj
 0001:00003630       __scrt_is_ucrt_dll_in_use  0000000180004630 f   LIBCMT:ucrt_detection.obj
 0001:00003640       longjmp                    0000000180004640 f   libvcruntime:longjmpc.obj
 0001:00003668       __std_exception_copy       0000000180004668 f   libvcruntime:std_exception.obj
 0001:000036f8       __std_exception_destroy    00000001800046f8 f   libvcruntime:std_exception.obj
 0001:00003720       _CxxThrowException         0000000180004720 f   libvcruntime:throw.obj
 0001:000037e0       ??$_CallSETranslator@V__FrameHandler3@@@@YAHPEAUEHExceptionRecord@@PEA_KPEAU_CONTEXT@@PEAU_xDISPATCHER_CONTEXT@@PEBU_s_FuncInfo@@K1@Z 00000001800047e0 f i libvcruntime:risctrnsctrl.obj
 0001:00003834       ?CatchTryBlock@__FrameHandler3@@SAPEBU_s_TryBlockMapEntry@@PEBU_s_FuncInfo@@H@Z 0000000180004834 f   libvcruntime:risctrnsctrl.obj
 0001:0000388c       ?ExecutionInCatch@__FrameHandler3@@SA_NPEAU_xDISPATCHER_CONTEXT@@PEBU_s_FuncInfo@@@Z 000000018000488c f   libvcruntime:risctrnsctrl.obj
 0001:000038b8       ?FrameUnwindToEmptyState@__FrameHandler3@@SAXPEA_KPEAU_xDISPATCHER_CONTEXT@@PEBU_s_FuncInfo@@@Z 00000001800048b8 f   libvcruntime:risctrnsctrl.obj
 0001:0000391c       ?GetEstablisherFrame@__FrameHandler3@@SAPEA_KPEA_KPEAU_xDISPATCHER_CONTEXT@@PEBU_s_FuncInfo@@0@Z 000000018000491c f   libvcruntime:risctrnsctrl.obj
 0001:000039e8       ?GetRangeOfTrysToCheck@__FrameHandler3@@SA?AU?$pair@Viterator@TryBlockMap@__FrameHandler3@@V123@@std@@AEAVTryBlockMap@1@HH@Z 00000001800049e8 f   libvcruntime:risctrnsctrl.obj
 0001:00003b44       ?UnwindNestedFrames@__FrameHandler3@@SAXPEA_KPEAUEHExceptionRecord@@PEAU_CONTEXT@@0PEAXPEBU_s_FuncInfo@@HHPEBU_s_HandlerType@@PEAU_xDISPATCHER_CONTEXT@@E@Z 0000000180004b44 f   libvcruntime:risctrnsctrl.obj
 0001:00003c68       _CreateFrameInfo           0000000180004c68 f   libvcruntime:risctrnsctrl.obj
 0001:00003ca4       _FindAndUnlinkFrame        0000000180004ca4 f   libvcruntime:risctrnsctrl.obj
 0001:00003cf8       _GetImageBase              0000000180004cf8 f   libvcruntime:risctrnsctrl.obj
 0001:00003d0c       _GetThrowImageBase         0000000180004d0c f   libvcruntime:risctrnsctrl.obj
 0001:00003d20       _SetImageBase              0000000180004d20 f   libvcruntime:risctrnsctrl.obj
 0001:00003d38       _SetThrowImageBase         0000000180004d38 f   libvcruntime:risctrnsctrl.obj
 0001:00003d50       __CxxFrameHandler3         0000000180004d50 f   libvcruntime:risctrnsctrl.obj
 0001:00003de0       memcpy_repmovs             0000000180004de0 f   libvcruntime:memcpy.obj
 0001:00003e00       memmove                    0000000180004e00 f   libvcruntime:memcpy.obj
 0001:00003e00       memcpy                     0000000180004e00 f   libvcruntime:memcpy.obj
 0001:00004250       memset_repmovs             0000000180005250 f   libvcruntime:memset.obj
 0001:00004270       memset                     0000000180005270 f   libvcruntime:memset.obj
 0001:00004400       __DestructExceptionObject  0000000180005400 f   libvcruntime:ehhelpers.obj
 0001:00004474       ?_CallMemberFunction0@@YAXQEAX0@Z 0000000180005474 f i libvcruntime:ehhelpers.obj
 0001:00004478       _IsExceptionObjectToBeDestroyed 0000000180005478 f   libvcruntime:ehhelpers.obj
 0001:000044a8       __AdjustPointer            00000001800054a8 f   libvcruntime:ehhelpers.obj
 0001:000044cc       __FrameUnwindFilter        00000001800054cc f   libvcruntime:ehhelpers.obj
 0001:00004518       __std_terminate            0000000180005518 f   libvcruntime:ehhelpers.obj
 0001:00004540       memchr                     0000000180005540 f   libvcruntime:memchr.obj
 0001:000045c0       memcmp                     00000001800055c0 f   libvcruntime:memcmp.obj
 0001:00004688       __C_specific_handler       0000000180005688 f   libvcruntime:_riscchandler_.obj
 0001:00004894       __vcrt_initialize          0000000180005894 f   libvcruntime:initialization.obj
 0001:000048c8       __vcrt_thread_attach       00000001800058c8 f   libvcruntime:initialization.obj
 0001:000048dc       __vcrt_thread_detach       00000001800058dc f   libvcruntime:initialization.obj
 0001:000048f0       __vcrt_uninitialize        00000001800058f0 f   libvcruntime:initialization.obj
 0001:00004910       __vcrt_uninitialize_critical 0000000180005910 f   libvcruntime:initialization.obj
 0001:00004920       __std_type_info_compare    0000000180005920 f   libvcruntime:std_type_info.obj
 0001:00004948       __std_type_info_destroy_list 0000000180005948 f   libvcruntime:std_type_info.obj
 0001:00004980       __except_validate_context_record 0000000180005980 f   libvcruntime:jbcxrval.obj
 0001:000049b8       __except_validate_jump_buffer 00000001800059b8 f   libvcruntime:jbcxrval.obj
 0001:000049f8       __vcrt_initialize_pure_virtual_call_handler 00000001800059f8 f   libvcruntime:purevirt_data.obj
 0001:00004a08       __vcrt_freefls             0000000180005a08 f   libvcruntime:per_thread_data.obj
 0001:00004a28       __vcrt_freeptd             0000000180005a28 f   libvcruntime:per_thread_data.obj
 0001:00004a78       __vcrt_getptd              0000000180005a78 f   libvcruntime:per_thread_data.obj
 0001:00004a94       __vcrt_getptd_noexit       0000000180005a94 f   libvcruntime:per_thread_data.obj
 0001:00004b60       __vcrt_initialize_ptd      0000000180005b60 f   libvcruntime:per_thread_data.obj
 0001:00004bb4       __vcrt_uninitialize_ptd    0000000180005bb4 f   libvcruntime:per_thread_data.obj
 0001:00004bd8       ?GetCurrentState@__FrameHandler3@@SAHPEA_KPEAU_xDISPATCHER_CONTEXT@@PEBU_s_FuncInfo@@@Z 0000000180005bd8 f   libvcruntime:ehstate.obj
 0001:00004c00       ?GetUnwindTryBlock@__FrameHandler3@@SAHPEA_KPEAU_xDISPATCHER_CONTEXT@@PEBU_s_FuncInfo@@@Z 0000000180005c00 f   libvcruntime:ehstate.obj
 0001:00004c2c       ?SetState@__FrameHandler3@@SAXPEA_KPEBU_s_FuncInfo@@H@Z 0000000180005c2c f   libvcruntime:ehstate.obj
 0001:00004c38       ?SetUnwindTryBlock@__FrameHandler3@@SAXPEA_KPEAU_xDISPATCHER_CONTEXT@@PEBU_s_FuncInfo@@H@Z 0000000180005c38 f   libvcruntime:ehstate.obj
 0001:00004c74       ?StateFromControlPc@__FrameHandler3@@SAHPEBU_s_FuncInfo@@PEAU_xDISPATCHER_CONTEXT@@@Z 0000000180005c74 f   libvcruntime:ehstate.obj
 0001:00004c7c       ?StateFromIp@__FrameHandler3@@SAHPEBU_s_FuncInfo@@PEAU_xDISPATCHER_CONTEXT@@_K@Z 0000000180005c7c f   libvcruntime:ehstate.obj
 0001:00005708       ??$TypeMatchHelper@$$CBU_s_HandlerType@@@@YAHPEBU_s_HandlerType@@PEBU_s_CatchableType@@PEBU_s_ThrowInfo@@@Z 0000000180006708 f i libvcruntime:frame.obj
 0001:0000584c       ??$__InternalCxxFrameHandler@V__FrameHandler3@@@@YA?AW4_EXCEPTION_DISPOSITION@@PEAUEHExceptionRecord@@PEA_KPEAU_CONTEXT@@PEAU_xDISPATCHER_CONTEXT@@PEBU_s_FuncInfo@@H1E@Z 000000018000684c f i libvcruntime:frame.obj
 0001:00005a94       ??0bad_exception@std@@QEAA@AEBV01@@Z 0000000180006a94 f i libvcruntime:frame.obj
 0001:00005ad4       ??0bad_exception@std@@QEAA@XZ 0000000180006ad4 f i libvcruntime:frame.obj
 0001:00005af4       ??1bad_exception@std@@UEAA@XZ 0000000180006af4 f i libvcruntime:frame.obj
 0001:00005b08       ?CxxCallCatchBlock@__FrameHandler3@@SAPEAXPEAU_EXCEPTION_RECORD@@@Z 0000000180006b08 f   libvcruntime:frame.obj
 0001:00005d7c       ?FrameUnwindToState@__FrameHandler3@@SAXPEA_KPEAU_xDISPATCHER_CONTEXT@@PEBU_s_FuncInfo@@H@Z 0000000180006d7c f   libvcruntime:frame.obj
 0001:00005f10       ?GetHandlerSearchState@__FrameHandler3@@SAHPEA_KPEAU_xDISPATCHER_CONTEXT@@PEBU_s_FuncInfo@@@Z 0000000180006f10 f i libvcruntime:frame.obj
 0001:00006114       ?_CallMemberFunction1@@YAXQEAX00@Z 0000000180007114 f i libvcruntime:frame.obj
 0001:00006120       ?_CallMemberFunction2@@YAXQEAX00H@Z 0000000180007120 f i libvcruntime:frame.obj
 0001:00006140       _NLG_Notify                0000000180007140 f   libvcruntime:_notify_.obj
 0001:00006160       __NLG_Dispatch2            0000000180007160 f   libvcruntime:_notify_.obj
 0001:00006170       __NLG_Return2              0000000180007170 f   libvcruntime:_notify_.obj
 0001:00006174       __vcrt_initialize_locks    0000000180007174 f   libvcruntime:locks.obj
 0001:000061bc       __vcrt_uninitialize_locks  00000001800071bc f   libvcruntime:locks.obj
 0001:000063cc       __vcrt_FlsAlloc            00000001800073cc f   libvcruntime:winapi_downlevel.obj
 0001:00006414       __vcrt_FlsFree             0000000180007414 f   libvcruntime:winapi_downlevel.obj
 0001:0000645c       __vcrt_FlsGetValue         000000018000745c f   libvcruntime:winapi_downlevel.obj
 0001:000064a4       __vcrt_FlsSetValue         00000001800074a4 f   libvcruntime:winapi_downlevel.obj
 0001:000064f8       __vcrt_InitializeCriticalSectionEx 00000001800074f8 f   libvcruntime:winapi_downlevel.obj
 0001:0000655c       __vcrt_initialize_winapi_thunks 000000018000755c f   libvcruntime:winapi_downlevel.obj
 0001:0000658c       __vcrt_uninitialize_winapi_thunks 000000018000758c f   libvcruntime:winapi_downlevel.obj
 0001:000065e0       _CallSettingFrame          00000001800075e0 f   libvcruntime:handlers.obj
 0001:00006630       _CallSettingFrameEncoded   0000000180007630 f   libvcruntime:handlers.obj
 0001:00006678       abort                      0000000180007678 f   libucrt:abort.obj
 0001:000066d0       __acrt_call_reportfault    00000001800076d0 f   libucrt:invalid_parameter.obj
 0001:0000682c       __acrt_initialize_invalid_parameter_handler 000000018000782c f   libucrt:invalid_parameter.obj
 0001:00006834       _invalid_parameter         0000000180007834 f   libucrt:invalid_parameter.obj
 0001:000068e4       _invalid_parameter_noinfo  00000001800078e4 f   libucrt:invalid_parameter.obj
 0001:00006904       _invoke_watson             0000000180007904 f   libucrt:invalid_parameter.obj
 0001:0000694c       _fclose_nolock             000000018000794c f   libucrt:fclose.obj
 0001:000069d0       fclose                     00000001800079d0 f   libucrt:fclose.obj
 0001:00006a34       ??0_LocaleUpdate@@QEAA@QEAU__crt_locale_pointers@@@Z 0000000180007a34 f i libucrt:tolower_toupper.obj
 0001:00006ad0       ??1_LocaleUpdate@@QEAA@XZ  0000000180007ad0 f i libucrt:tolower_toupper.obj
 0001:00006b34       _tolower_l                 0000000180007b34 f   libucrt:tolower_toupper.obj
 0001:00006c90       strncpy                    0000000180007c90 f   libucrt:strncpy.obj
 0001:00006e10       strncmp                    0000000180007e10 f   libucrt:strncmp.obj
 0001:00006e90       free                       0000000180007e90 f   libucrt:free.obj
 0001:00006ea4       malloc                     0000000180007ea4 f   libucrt:malloc.obj
 0001:00006eac       __ascii_stricmp            0000000180007eac f   libucrt:stricmp.obj
 0001:00006eec       _stricmp                   0000000180007eec f   libucrt:stricmp.obj
 0001:00006f34       _stricmp_l                 0000000180007f34 f   libucrt:stricmp.obj
 0001:00006fe8       __acrt_initialize_locks    0000000180007fe8 f   libucrt:locks.obj
 0001:00007030       __acrt_lock                0000000180008030 f   libucrt:locks.obj
 0001:0000704c       __acrt_uninitialize_locks  000000018000804c f   libucrt:locks.obj
 0001:00007084       __acrt_unlock              0000000180008084 f   libucrt:locks.obj
 0001:000070a0       terminate                  00000001800080a0 f   libucrt:terminate.obj
 0001:000070c0       calloc                     00000001800080c0 f   libucrt:calloc.obj
 0001:000070c8       __pctype_func              00000001800080c8 f   libucrt:ctype.obj
 0001:000070f8       __acrt_errno_from_os_error 00000001800080f8 f   libucrt:errno.obj
 0001:00007140       __acrt_errno_map_os_error  0000000180008140 f   libucrt:errno.obj
 0001:00007190       __doserrno                 0000000180008190 f   libucrt:errno.obj
 0001:000071b0       _errno                     00000001800081b0 f   libucrt:errno.obj
 0001:000071d0       pow                        00000001800081d0 f   libucrt:pow.obj
 0001:00008870       powf                       0000000180009870 f   libucrt:powf.obj
 0001:00009738       __strncnt                  000000018000a738 f   libucrt:strncnt.obj
 0001:00009750       __acrt_initialize_new_handler 000000018000a750 f   libucrt:new_handler.obj
 0001:00009758       _callnewh                  000000018000a758 f   libucrt:new_handler.obj
 0001:00009788       _query_new_handler         000000018000a788 f   libucrt:new_handler.obj
 0001:000097bc       _initterm                  000000018000a7bc f   libucrt:initterm.obj
 0001:00009820       _initterm_e                000000018000a820 f   libucrt:initterm.obj
 0001:00009860       _seh_filter_dll            000000018000a860 f   libucrt:exception_filter.obj
 0001:00009874       _seh_filter_exe            000000018000a874 f   libucrt:exception_filter.obj
 0001:00009c6c       __acrt_initialize_thread_local_exit_callback 000000018000ac6c f   libucrt:exit.obj
 0001:00009c74       _cexit                     000000018000ac74 f   libucrt:exit.obj
 0001:00009c84       _exit                      000000018000ac84 f   libucrt:exit.obj
 0001:00009c90       _is_c_termination_complete 000000018000ac90 f   libucrt:exit.obj
 0001:00009e5c       __acrt_allocate_buffer_for_argv 000000018000ae5c f   libucrt:argv_parsing.obj
 0001:00009ebc       _configure_narrow_argv     000000018000aebc f   libucrt:argv_parsing.obj
 0001:0000a234       __dcrt_uninitialize_environments_nolock 000000018000b234 f   libucrt:environment_initialization.obj
 0001:0000a26c       _initialize_narrow_environment 000000018000b26c f   libucrt:environment_initialization.obj
 0001:0000a5fc       _crt_atexit                000000018000b5fc f   libucrt:onexit.obj
 0001:0000a60c       _execute_onexit_table      000000018000b60c f   libucrt:onexit.obj
 0001:0000a648       _initialize_onexit_table   000000018000b648 f   libucrt:onexit.obj
 0001:0000a688       _register_onexit_function  000000018000b688 f   libucrt:onexit.obj
 0001:0000a708       __acrt_uninitialize_command_line 000000018000b708 f   libucrt:argv_data.obj
 0001:0000a814       __acrt_initialize          000000018000b814 f   libucrt:initialization.obj
 0001:0000a828       __acrt_thread_attach       000000018000b828 f   libucrt:initialization.obj
 0001:0000a83c       __acrt_thread_detach       000000018000b83c f   libucrt:initialization.obj
 0001:0000a84c       __acrt_uninitialize        000000018000b84c f   libucrt:initialization.obj
 0001:0000a884       __acrt_uninitialize_critical 000000018000b884 f   libucrt:initialization.obj
 0001:0000a894       strcpy_s                   000000018000b894 f   libucrt:strcpy_s.obj
 0001:0000a904       wcsncmp                    000000018000b904 f   libucrt:wcsncmp.obj
 0001:0000a9cc       _lseeki64_nolock           000000018000b9cc f   libucrt:lseek.obj
 0001:0000a9d4       _fileno                    000000018000b9d4 f   libucrt:fileno.obj
 0001:0000a9fc       __acrt_initialize_stdio    000000018000b9fc f   libucrt:_file.obj
 0001:0000ab1c       __acrt_uninitialize_stdio  000000018000bb1c f   libucrt:_file.obj
 0001:0000ab78       _lock_file                 000000018000bb78 f   libucrt:_file.obj
 0001:0000ab84       _unlock_file               000000018000bb84 f   libucrt:_file.obj
 0001:0000ad78       __acrt_initialize_lowio    000000018000bd78 f   libucrt:ioinit.obj
 0001:0000adb4       __acrt_uninitialize_lowio  000000018000bdb4 f   libucrt:ioinit.obj
 0001:0000ae3c       __acrt_get_sigabrt_handler 000000018000be3c f   libucrt:signal.obj
 0001:0000ae6c       __acrt_initialize_signal_handlers 000000018000be6c f   libucrt:signal.obj
 0001:0000ae8c       raise                      000000018000be8c f   libucrt:signal.obj
 0001:0000b10c       ?__acrt_stdio_free_stream@@YAXV__crt_stdio_stream@@@Z 000000018000c10c f   libucrt:stream.obj
 0001:0000b4a0       __acrt_freeptd             000000018000c4a0 f   libucrt:per_thread_data.obj
 0001:0000b4e4       __acrt_getptd              000000018000c4e4 f   libucrt:per_thread_data.obj
 0001:0000b5a8       __acrt_getptd_head         000000018000c5a8 f   libucrt:per_thread_data.obj
 0001:0000b650       __acrt_getptd_noexit       000000018000c650 f   libucrt:per_thread_data.obj
 0001:0000b708       __acrt_initialize_ptd      000000018000c708 f   libucrt:per_thread_data.obj
 0001:0000b744       __acrt_uninitialize_ptd    000000018000c744 f   libucrt:per_thread_data.obj
 0001:0000b768       _free_base                 000000018000c768 f   libucrt:free_base.obj
 0001:0000b81c       _close                     000000018000c81c f   libucrt:close.obj
 0001:0000b8c0       _close_nolock              000000018000c8c0 f   libucrt:close.obj
 0001:0000b97c       __acrt_stdio_free_buffer_nolock 000000018000c97c f   libucrt:_freebuf.obj
 0001:0000bb98       __acrt_stdio_flush_nolock  000000018000cb98 f   libucrt:fflush.obj
 0001:0000bc14       _fflush_nolock             000000018000cc14 f   libucrt:fflush.obj
 0001:0000bc60       _flushall                  000000018000cc60 f   libucrt:fflush.obj
 0001:0000bc68       _isleadbyte_l              000000018000cc68 f i libucrt:_wctype.obj
 0001:0000bca8       _isctype_l                 000000018000cca8 f   libucrt:isctype.obj
 0001:0000c0d4       __acrt_LCMapStringA        000000018000d0d4 f   libucrt:lcmapstringa.obj
 0001:0000c16c       __acrt_update_locale_info  000000018000d16c f   libucrt:locale_update.obj
 0001:0000c1a0       __acrt_update_multibyte_info 000000018000d1a0 f   libucrt:locale_update.obj
 0001:0000c244       __acrt_set_locale_changed  000000018000d244 f   libucrt:wsetlocale.obj
 0001:0000c250       __acrt_uninitialize_locale 000000018000d250 f   libucrt:wsetlocale.obj
 0001:0000c280       _malloc_base               000000018000d280 f   libucrt:malloc_base.obj
 0001:0000c2e0       _mbtowc_l                  000000018000d2e0 f   libucrt:mbtowc.obj
 0001:0000c45c       mbtowc                     000000018000d45c f   libucrt:mbtowc.obj
 0001:0000c63c       __acrt_AppPolicyGetProcessTerminationMethodInternal 000000018000d63c f   libucrt:winapi_thunks.obj
 0001:0000c68c       __acrt_FlsAlloc            000000018000d68c f   libucrt:winapi_thunks.obj
 0001:0000c6d4       __acrt_FlsFree             000000018000d6d4 f   libucrt:winapi_thunks.obj
 0001:0000c71c       __acrt_FlsGetValue         000000018000d71c f   libucrt:winapi_thunks.obj
 0001:0000c764       __acrt_FlsSetValue         000000018000d764 f   libucrt:winapi_thunks.obj
 0001:0000c7b8       __acrt_InitializeCriticalSectionEx 000000018000d7b8 f   libucrt:winapi_thunks.obj
 0001:0000c81c       __acrt_LCMapStringEx       000000018000d81c f   libucrt:winapi_thunks.obj
 0001:0000c8f8       __acrt_LocaleNameToLCID    000000018000d8f8 f   libucrt:winapi_thunks.obj
 0001:0000c948       __acrt_initialize_winapi_thunks 000000018000d948 f   libucrt:winapi_thunks.obj
 0001:0000c990       __acrt_uninitialize_winapi_thunks 000000018000d990 f   libucrt:winapi_thunks.obj
 0001:0000c9d4       _calloc_base               000000018000d9d4 f   libucrt:calloc_base.obj
 0001:0000cc50       _mbstowcs_l                000000018000dc50 f   libucrt:mbstowcs.obj
 0001:0000cc58       mbstowcs                   000000018000dc58 f   libucrt:mbstowcs.obj
 0001:0000cfdc       _wcstombs_l                000000018000dfdc f   libucrt:wcstombs.obj
 0001:0000cfe4       __acrt_GetStringTypeA      000000018000dfe4 f   libucrt:getstringtypea.obj
 0001:0000d174       _realloc_base              000000018000e174 f   libucrt:realloc_base.obj
 0001:0000d1f0       _raise_exc                 000000018000e1f0 f   libucrt:fpexcept.obj
 0001:0000d218       _raise_exc_ex              000000018000e218 f   libucrt:fpexcept.obj
 0001:0000d528       _raise_excf                000000018000e528 f   libucrt:fpexcept.obj
 0001:0000d554       _set_errno_from_matherr    000000018000e554 f   libucrt:fpexcept.obj
 0001:0000d584       _clrfp                     000000018000e584 f   libucrt:fpctrl.obj
 0001:0000d5a4       _ctrlfp                    000000018000e5a4 f   libucrt:fpctrl.obj
 0001:0000d620       _set_statfp                000000018000e620 f   libucrt:fpctrl.obj
 0001:0000d640       _statfp                    000000018000e640 f   libucrt:fpctrl.obj
 0001:0000d660       __acrt_initialize_fma3     000000018000e660 f   libucrt:fma3_available.obj
 0001:0000d6d0       _pow_special               000000018000e6d0 f   libucrt:pow_special.obj
 0001:0000d7f4       _powf_special              000000018000e7f4 f   libucrt:pow_special.obj
 0001:0000d980       __acrt_MultiByteToWideChar 000000018000e980 f   libucrt:multibytetowidechar.obj
 0001:0000d9dc       __acrt_WideCharToMultiByte 000000018000e9dc f   libucrt:widechartomultibyte.obj
 0001:0000da74       __acrt_initialize_timeset  000000018000ea74 f   libucrt:timeset.obj
 0001:0000dab8       __acrt_get_process_end_policy 000000018000eab8 f   libucrt:win_policies.obj
 0001:0000e05c       __acrt_expand_narrow_argv_wildcards 000000018000f05c f   libucrt:argv_wildcards.obj
 0001:0000e064       __acrt_GetModuleFileNameA  000000018000f064 f   libucrt:getmodulefilenamea.obj
 0001:0000e80c       __acrt_initialize_multibyte 000000018000f80c f   libucrt:mbctype.obj
 0001:0000e86c       __acrt_update_thread_multibyte_data 000000018000f86c f   libucrt:mbctype.obj
 0001:0000e888       _setmbcp_nolock            000000018000f888 f   libucrt:mbctype.obj
 0001:0000ebb8       _ismbblead                 000000018000fbb8 f   libucrt:ismbbyte.obj
 0001:0000ebcc       __acrt_initialize_command_line 000000018000fbcc f   libucrt:argv_data.obj
 0001:0000ebf4       __dcrt_get_narrow_environment_from_os 000000018000fbf4 f   libucrt:get_environment_from_os.obj
 0001:0000ecf8       _recalloc                  000000018000fcf8 f   libucrt:recalloc.obj
 0001:0000ed00       _recalloc_base             000000018000fd00 f   libucrt:recalloc.obj
 0001:0000ed98       __acrt_initialize_heap     000000018000fd98 f   libucrt:heap_handle.obj
 0001:0000edb4       __acrt_uninitialize_heap   000000018000fdb4 f   libucrt:heap_handle.obj
 0001:0000edc0       __acrt_execute_initializers 000000018000fdc0 f   libucrt:shared_initialization.obj
 0001:0000ee40       __acrt_execute_uninitializers 000000018000fe40 f   libucrt:shared_initialization.obj
 0001:0000ee7c       __acrt_has_user_matherr    000000018000fe7c f   libucrt:matherr.obj
 0001:0000ee9c       __acrt_initialize_user_matherr 000000018000fe9c f   libucrt:matherr.obj
 0001:0000eea4       __acrt_invoke_user_matherr 000000018000fea4 f   libucrt:matherr.obj
 0001:0000eed4       __acrt_lowio_create_handle_array 000000018000fed4 f   libucrt:osfinfo.obj
 0001:0000ef6c       __acrt_lowio_destroy_handle_array 000000018000ff6c f   libucrt:osfinfo.obj
 0001:0000efbc       __acrt_lowio_ensure_fh_exists 000000018000ffbc f   libucrt:osfinfo.obj
 0001:0000f064       __acrt_lowio_lock_fh       0000000180010064 f   libucrt:osfinfo.obj
 0001:0000f088       __acrt_lowio_unlock_fh     0000000180010088 f   libucrt:osfinfo.obj
 0001:0000f0ac       _free_osfhnd               00000001800100ac f   libucrt:osfinfo.obj
 0001:0000f168       _get_osfhandle             0000000180010168 f   libucrt:osfinfo.obj
 0001:0000f1e0       _fcloseall                 00000001800101e0 f   libucrt:closeall.obj
 0001:0000f294       _isatty                    0000000180010294 f   libucrt:isatty.obj
 0001:0000f2f4       __acrt_add_locale_ref      00000001800102f4 f   libucrt:locale_refcounting.obj
 0001:0000f380       __acrt_free_locale         0000000180010380 f   libucrt:locale_refcounting.obj
 0001:0000f4f8       __acrt_locale_add_lc_time_reference 00000001800104f8 f   libucrt:locale_refcounting.obj
 0001:0000f520       __acrt_locale_free_lc_time_if_unreferenced 0000000180010520 f   libucrt:locale_refcounting.obj
 0001:0000f558       __acrt_locale_release_lc_time_reference 0000000180010558 f   libucrt:locale_refcounting.obj
 0001:0000f580       __acrt_release_locale_ref  0000000180010580 f   libucrt:locale_refcounting.obj
 0001:0000f628       __acrt_update_thread_locale_data 0000000180010628 f   libucrt:locale_refcounting.obj
 0001:0000f698       _updatetlocinfoEx_nolock   0000000180010698 f   libucrt:locale_refcounting.obj
 0001:0000f78c       _commit                    000000018001078c f   libucrt:commit.obj
 0001:0000fdc8       _write                     0000000180010dc8 f   libucrt:write.obj
 0001:0000feb4       _write_nolock              0000000180010eb4 f   libucrt:write.obj
 0001:00010194       __acrt_locale_free_monetary 0000000180011194 f   libucrt:initmon.obj
 0001:000102a0       __acrt_locale_free_numeric 00000001800112a0 f   libucrt:initnum.obj
 0001:00010360       __acrt_locale_free_time    0000000180011360 f   libucrt:inittime.obj
 0001:00010468       _query_new_mode            0000000180011468 f   libucrt:new_mode.obj
 0001:00010470       ?__mbrtowc_utf8@__crt_mbstring@@YA_KPEA_WPEBD_KPEAU_Mbstatet@@@Z 0000000180011470 f   libucrt:mbrtowc.obj
 0001:000104ac       ?__mbsrtowcs_utf8@__crt_mbstring@@YA_KPEA_WPEAPEBD_KPEAU_Mbstatet@@@Z 00000001800114ac f   libucrt:mbrtowc.obj
 0001:0001070c       __acrt_DownlevelLocaleNameToLCID 000000018001170c f   libucrt:lcidtoname_downlevel.obj
 0001:00010740       ?__wcsrtombs_utf8@__crt_mbstring@@YA_KPEADPEAPEB_W_KPEAU_Mbstatet@@@Z 0000000180011740 f   libucrt:wcrtomb.obj
 0001:0001085c       strncpy_s                  000000018001185c f   libucrt:strncpy_s.obj
 0001:00010960       _get_fpsr                  0000000180011960 f   libucrt:fpsr.obj
 0001:00010970       _set_fpsr                  0000000180011970 f   libucrt:fpsr.obj
 0001:0001097a       _fclrf                     000000018001197a f   libucrt:fpsr.obj
 0001:0001098e       _frnd                      000000018001198e f   libucrt:fpsr.obj
 0001:00010ad4       _handle_error              0000000180011ad4 f   libucrt:libm_error.obj
 0001:00010bfc       _handle_errorf             0000000180011bfc f   libucrt:libm_error.obj
 0001:00010d30       _handle_nan                0000000180011d30 f   libucrt:libm_error.obj
 0001:00010d4c       _handle_nanf               0000000180011d4c f   libucrt:libm_error.obj
 0001:00010d60       qsort                      0000000180011d60 f   libucrt:qsort.obj
 0001:000111b0       strpbrk                    00000001800121b0 f   libucrt:strpbrk.obj
 0001:00011590       ??$__acrt_convert_wcs_mbs@D_W$$A6A_KPEA_WPEBD_KPEAU__crt_locale_pointers@@@ZU__crt_win32_buffer_internal_dynamic_resizing@@@@YAHQEBDAEAV?$__crt_win32_buffer@_WU__crt_win32_buffer_internal_dynamic_resizing@@@@A6A_KPEA_WPEBD_KPEAU__crt_locale_pointers@@@Z5@Z 0000000180012590 f i libucrt:findfirstfileexa.obj
 0001:00011698       __acrt_FindFirstFileExA    0000000180012698 f   libucrt:findfirstfileexa.obj
 0001:0001173c       ??$__acrt_convert_wcs_mbs@_WD$$A6A_KPEADPEB_W_KPEAU__crt_locale_pointers@@@ZU__crt_win32_buffer_no_resizing@@@@YAHQEB_WAEAV?$__crt_win32_buffer@DU__crt_win32_buffer_no_resizing@@@@A6A_KPEADPEB_W_KPEAU__crt_locale_pointers@@@Z5@Z 000000018001273c f i libucrt:findnextfilea.obj
 0001:00011808       __acrt_FindNextFileA       0000000180012808 f   libucrt:findnextfilea.obj
 0001:0001193c       _mbsdec                    000000018001293c f   libucrt:mbsdec.obj
 0001:00011944       _mbsdec_l                  0000000180012944 f   libucrt:mbsdec.obj
 0001:000119f0       _msize                     00000001800129f0 f   libucrt:msize.obj
 0001:000119f8       _msize_base                00000001800129f8 f   libucrt:msize.obj
 0001:00011a34       _query_app_type            0000000180012a34 f   libucrt:report_runtime_error.obj
 0001:00011a3c       _putwch_nolock             0000000180012a3c f   libucrt:putwch.obj
 0001:00011a78       ?__mbrtoc32_utf8@__crt_mbstring@@YA_KPEA_UPEBD_KPEAU_Mbstatet@@@Z 0000000180012a78 f   libucrt:mbrtoc32.obj
 0001:00011c60       log10                      0000000180012c60 f   libucrt:log10.obj
 0001:0001220c       ?__c16rtomb_utf8@__crt_mbstring@@YA_KPEAD_SPEAU_Mbstatet@@@Z 000000018001320c f   libucrt:c16rtomb.obj
 0001:000122b4       __dcrt_lowio_ensure_console_output_initialized 00000001800132b4 f   libucrt:initcon.obj
 0001:00012308       __dcrt_terminate_console_output 0000000180013308 f   libucrt:initcon.obj
 0001:00012324       __dcrt_write_console       0000000180013324 f   libucrt:initcon.obj
 0001:000123f0       _log10_special             00000001800133f0 f   libucrt:log_special.obj
 0001:00012410       _log_special               0000000180013410 f   libucrt:log_special.obj
 0001:000124c8       ?__c32rtomb_utf8@__crt_mbstring@@YA_KPEAD_UPEAU_Mbstatet@@@Z 00000001800134c8 f   libucrt:c32rtomb.obj
 0001:00012580       c32rtomb                   0000000180013580 f   libucrt:c32rtomb.obj
 0001:00012585       IsProcessorFeaturePresent  0000000180013585 f   kernel32:KERNEL32.dll
 0001:0001258b       RtlUnwindEx                000000018001358b f   kernel32:KERNEL32.dll
 0001:00012594       ?DloadAcquireSectionWriteAccess@@YAXXZ 0000000180013594 f i DelayImp:delayhlp.obj
 0001:00012640       ?DloadGetSRWLockFunctionPointers@@YAEXZ 0000000180013640 f i DelayImp:delayhlp.obj
 0001:000126dc       ?DloadMakePermanentImageCommit@@YAXPEAX_K@Z 00000001800136dc f i DelayImp:delayhlp.obj
 0001:00012774       ?DloadObtainSection@@YAPEAXPEAK0@Z 0000000180013774 f i DelayImp:delayhlp.obj
 0001:00012810       ?DloadProtectSection@@YAXKPEAK@Z 0000000180013810 f i DelayImp:delayhlp.obj
 0001:000128a0       ?DloadReleaseSectionWriteAccess@@YAXXZ 00000001800138a0 f i DelayImp:delayhlp.obj
 0001:00012934       __delayLoadHelper2         0000000180013934 f   DelayImp:delayhlp.obj
 0001:00012c00       _FindPESection             0000000180013c00 f   LIBCMT:pesect.obj
 0001:00012c50       _IsNonwritableInCurrentImage 0000000180013c50 f   LIBCMT:pesect.obj
 0001:00012ca0       _ValidateImageBase         0000000180013ca0 f   LIBCMT:pesect.obj
 0001:00012cd0       exp                        0000000180013cd0 f   libucrt:exp.obj
 0001:000130c8       floor                      00000001800140c8 f   libucrt:floor.obj
 0001:00013180       log                        0000000180014180 f   libucrt:log.obj
 0001:000136b0       sin                        00000001800146b0 f   libucrt:sin.obj
 0001:00013c1c       sqrt                       0000000180014c1c f   libucrt:sqrt.obj
 0001:00013ce8       _exp_special               0000000180014ce8 f   libucrt:exp_special.obj
 0001:00013d80       __remainder_piby2_forAsm   0000000180014d80 f   libucrt:remainder_piby2_forasm.obj
 0001:00013f90       __remainder_piby2_cw_forAsm 0000000180014f90 f   libucrt:remainder_piby2_forasm.obj
 0001:000140d0       __remainder_piby2_fma3     00000001800150d0 f   libucrt:remainder_piby2_forfma3.obj
 0001:000142c0       __remainder_piby2_fma3_bdl 00000001800152c0 f   libucrt:remainder_piby2_forfma3.obj
 0001:00014338       _sin_special               0000000180015338 f   libucrt:sincos_special.obj
 0001:00014400       _guard_dispatch_icall_nop  0000000180015400 f   LIBCMT:_guard_dispatch_.obj
 0001:00014420       __longjmp_internal         0000000180015420 f   libvcruntime:_longjmp_.obj
 0002:00000000       __imp_GetModuleHandleA     0000000180016000     kernel32:KERNEL32.dll
 0002:00000008       __imp_LoadLibraryExA       0000000180016008     kernel32:KERNEL32.dll
 0002:00000010       __imp_GetLastError         0000000180016010     kernel32:KERNEL32.dll
 0002:00000018       __imp_WideCharToMultiByte  0000000180016018     kernel32:KERNEL32.dll
 0002:00000020       __imp_EnterCriticalSection 0000000180016020     kernel32:KERNEL32.dll
 0002:00000028       __imp_LeaveCriticalSection 0000000180016028     kernel32:KERNEL32.dll
 0002:00000030       __imp_DeleteCriticalSection 0000000180016030     kernel32:KERNEL32.dll
 0002:00000038       __imp_SetLastError         0000000180016038     kernel32:KERNEL32.dll
 0002:00000040       __imp_InitializeCriticalSectionAndSpinCount 0000000180016040     kernel32:KERNEL32.dll
 0002:00000048       __imp_TlsAlloc             0000000180016048     kernel32:KERNEL32.dll
 0002:00000050       __imp_TlsGetValue          0000000180016050     kernel32:KERNEL32.dll
 0002:00000058       __imp_TlsSetValue          0000000180016058     kernel32:KERNEL32.dll
 0002:00000060       __imp_TlsFree              0000000180016060     kernel32:KERNEL32.dll
 0002:00000068       __imp_GetSystemTimeAsFileTime 0000000180016068     kernel32:KERNEL32.dll
 0002:00000070       __imp_GetModuleHandleW     0000000180016070     kernel32:KERNEL32.dll
 0002:00000078       __imp_GetProcAddress       0000000180016078     kernel32:KERNEL32.dll
 0002:00000080       __imp_EncodePointer        0000000180016080     kernel32:KERNEL32.dll
 0002:00000088       __imp_DecodePointer        0000000180016088     kernel32:KERNEL32.dll
 0002:00000090       __imp_MultiByteToWideChar  0000000180016090     kernel32:KERNEL32.dll
 0002:00000098       __imp_LCMapStringW         0000000180016098     kernel32:KERNEL32.dll
 0002:000000a0       __imp_GetStringTypeW       00000001800160a0     kernel32:KERNEL32.dll
 0002:000000a8       __imp_GetCPInfo            00000001800160a8     kernel32:KERNEL32.dll
 0002:000000b0       __imp_RtlCaptureContext    00000001800160b0     kernel32:KERNEL32.dll
 0002:000000b8       __imp_RtlLookupFunctionEntry 00000001800160b8     kernel32:KERNEL32.dll
 0002:000000c0       __imp_RtlVirtualUnwind     00000001800160c0     kernel32:KERNEL32.dll
 0002:000000c8       __imp_UnhandledExceptionFilter 00000001800160c8     kernel32:KERNEL32.dll
 0002:000000d0       __imp_SetUnhandledExceptionFilter 00000001800160d0     kernel32:KERNEL32.dll
 0002:000000d8       __imp_GetCurrentProcess    00000001800160d8     kernel32:KERNEL32.dll
 0002:000000e0       __imp_TerminateProcess     00000001800160e0     kernel32:KERNEL32.dll
 0002:000000e8       __imp_IsProcessorFeaturePresent 00000001800160e8     kernel32:KERNEL32.dll
 0002:000000f0       __imp_QueryPerformanceCounter 00000001800160f0     kernel32:KERNEL32.dll
 0002:000000f8       __imp_GetCurrentProcessId  00000001800160f8     kernel32:KERNEL32.dll
 0002:00000100       __imp_GetCurrentThreadId   0000000180016100     kernel32:KERNEL32.dll
 0002:00000108       __imp_InitializeSListHead  0000000180016108     kernel32:KERNEL32.dll
 0002:00000110       __imp_IsDebuggerPresent    0000000180016110     kernel32:KERNEL32.dll
 0002:00000118       __imp_GetStartupInfoW      0000000180016118     kernel32:KERNEL32.dll
 0002:00000120       __imp_RtlPcToFileHeader    0000000180016120     kernel32:KERNEL32.dll
 0002:00000128       __imp_RaiseException       0000000180016128     kernel32:KERNEL32.dll
 0002:00000130       __imp_RtlUnwindEx          0000000180016130     kernel32:KERNEL32.dll
 0002:00000138       __imp_InterlockedFlushSList 0000000180016138     kernel32:KERNEL32.dll
 0002:00000140       __imp_FreeLibrary          0000000180016140     kernel32:KERNEL32.dll
 0002:00000148       __imp_LoadLibraryExW       0000000180016148     kernel32:KERNEL32.dll
 0002:00000150       __imp_ExitProcess          0000000180016150     kernel32:KERNEL32.dll
 0002:00000158       __imp_GetModuleHandleExW   0000000180016158     kernel32:KERNEL32.dll
 0002:00000160       __imp_GetModuleFileNameW   0000000180016160     kernel32:KERNEL32.dll
 0002:00000168       __imp_SetFilePointerEx     0000000180016168     kernel32:KERNEL32.dll
 0002:00000170       __imp_GetConsoleMode       0000000180016170     kernel32:KERNEL32.dll
 0002:00000178       __imp_GetStdHandle         0000000180016178     kernel32:KERNEL32.dll
 0002:00000180       __imp_GetFileType          0000000180016180     kernel32:KERNEL32.dll
 0002:00000188       __imp_HeapFree             0000000180016188     kernel32:KERNEL32.dll
 0002:00000190       __imp_CloseHandle          0000000180016190     kernel32:KERNEL32.dll
 0002:00000198       __imp_HeapAlloc            0000000180016198     kernel32:KERNEL32.dll
 0002:000001a0       __imp_HeapReAlloc          00000001800161a0     kernel32:KERNEL32.dll
 0002:000001a8       __imp_FindClose            00000001800161a8     kernel32:KERNEL32.dll
 0002:000001b0       __imp_FindFirstFileExW     00000001800161b0     kernel32:KERNEL32.dll
 0002:000001b8       __imp_FindNextFileW        00000001800161b8     kernel32:KERNEL32.dll
 0002:000001c0       __imp_IsValidCodePage      00000001800161c0     kernel32:KERNEL32.dll
 0002:000001c8       __imp_GetACP               00000001800161c8     kernel32:KERNEL32.dll
 0002:000001d0       __imp_GetOEMCP             00000001800161d0     kernel32:KERNEL32.dll
 0002:000001d8       __imp_GetCommandLineA      00000001800161d8     kernel32:KERNEL32.dll
 0002:000001e0       __imp_GetCommandLineW      00000001800161e0     kernel32:KERNEL32.dll
 0002:000001e8       __imp_GetEnvironmentStringsW 00000001800161e8     kernel32:KERNEL32.dll
 0002:000001f0       __imp_FreeEnvironmentStringsW 00000001800161f0     kernel32:KERNEL32.dll
 0002:000001f8       __imp_GetProcessHeap       00000001800161f8     kernel32:KERNEL32.dll
 0002:00000200       __imp_SetStdHandle         0000000180016200     kernel32:KERNEL32.dll
 0002:00000208       __imp_CreateFileW          0000000180016208     kernel32:KERNEL32.dll
 0002:00000210       __imp_FlushFileBuffers     0000000180016210     kernel32:KERNEL32.dll
 0002:00000218       __imp_WriteFile            0000000180016218     kernel32:KERNEL32.dll
 0002:00000220       __imp_GetConsoleCP         0000000180016220     kernel32:KERNEL32.dll
 0002:00000228       __imp_HeapSize             0000000180016228     kernel32:KERNEL32.dll
 0002:00000230       __imp_WriteConsoleW        0000000180016230     kernel32:KERNEL32.dll
 0002:00000238       __imp_GetSystemInfo        0000000180016238     kernel32:KERNEL32.dll
 0002:00000240       __imp_VirtualProtect       0000000180016240     kernel32:KERNEL32.dll
 0002:00000248       __imp_VirtualQuery         0000000180016248     kernel32:KERNEL32.dll
 0002:00000250       \177KERNEL32_NULL_THUNK_DATA 0000000180016250     kernel32:KERNEL32.dll
 0002:00000258       __guard_check_icall_fptr   0000000180016258     LIBCMT:guard_support.obj
 0002:00000260       __guard_dispatch_icall_fptr 0000000180016260     LIBCMT:guard_support.obj
 0002:00000268       __xc_a                     0000000180016268     LIBCMT:initializers.obj
 0002:00000298       _register_myModule_        0000000180016298     index.obj
 0002:000002b8       __xc_z                     00000001800162b8     LIBCMT:initializers.obj
 0002:000002c0       __xi_a                     00000001800162c0     LIBCMT:initializers.obj
 0002:000002d0       __acrt_stdio_initializer   00000001800162d0     libucrt:stdio_initializer.obj
 0002:000002d8       __acrt_tran_fma3_initializer 00000001800162d8     libucrt:fma3_initializer.obj
 0002:000002e0       __acrt_timeset_initializer 00000001800162e0     libucrt:timeset_initializer.obj
 0002:000002e8       __acrt_multibyte_initializer 00000001800162e8     libucrt:multibyte_initializer.obj
 0002:000002f0       __xi_z                     00000001800162f0     LIBCMT:initializers.obj
 0002:000002f8       __xp_a                     00000001800162f8     LIBCMT:initializers.obj
 0002:00000300       __acrt_locale_terminator   0000000180016300     libucrt:locale_initializer.obj
 0002:00000308       __dcrt_console_output_terminator 0000000180016308     libucrt:console_output_initializer.obj
 0002:00000310       __acrt_stdio_terminator    0000000180016310     libucrt:stdio_initializer.obj
 0002:00000318       __xp_z                     0000000180016318     LIBCMT:initializers.obj
 0002:00000320       __xt_a                     0000000180016320     LIBCMT:initializers.obj
 0002:00000328       __xt_z                     0000000180016328     LIBCMT:initializers.obj
 0002:00000330       __sz_node_exe              0000000180016330     node:node.exe
 0002:00000348       ??_7exception@std@@6B@     0000000180016348     libcpmt:xonce.obj
 0002:00000358       ??_C@_0BC@EOODALEL@Unknown?5exception@ 0000000180016358     libcpmt:xonce.obj
 0002:000003c0       ??_C@_01NBENCBCI@?$CK@     00000001800163c0     libcpmt:locale0.obj
 0002:00000b20       ??_C@_0BN@LKKBCCDB@address?5family?5not?5supported@ 0000000180016b20     libcpmt:syserror.obj
 0002:00000b40       ??_C@_0P@LDMLAFHI@address?5in?5use@ 0000000180016b40     libcpmt:syserror.obj
 0002:00000b50       ??_C@_0BG@DHPCNBJB@address?5not?5available@ 0000000180016b50     libcpmt:syserror.obj
 0002:00000b68       ??_C@_0BC@DFIBIBIL@already?5connected@ 0000000180016b68     libcpmt:syserror.obj
 0002:00000b80       ??_C@_0BH@CAKOHOMI@argument?5list?5too?5long@ 0000000180016b80     libcpmt:syserror.obj
 0002:00000b98       ??_C@_0BH@CGIMPKIM@argument?5out?5of?5domain@ 0000000180016b98     libcpmt:syserror.obj
 0002:00000bb0       ??_C@_0M@KGHGGJGL@bad?5address@ 0000000180016bb0     libcpmt:syserror.obj
 0002:00000bc0       ??_C@_0BE@MPJPGCEO@bad?5file?5descriptor@ 0000000180016bc0     libcpmt:syserror.obj
 0002:00000bd8       ??_C@_0M@PMMIEFCP@bad?5message@ 0000000180016bd8     libcpmt:syserror.obj
 0002:00000be8       ??_C@_0M@KPHOFDBE@broken?5pipe@ 0000000180016be8     libcpmt:syserror.obj
 0002:00000bf8       ??_C@_0BD@MGNDDEGM@connection?5aborted@ 0000000180016bf8     libcpmt:syserror.obj
 0002:00000c10       ??_C@_0BP@KAIHPOGN@connection?5already?5in?5progress@ 0000000180016c10     libcpmt:syserror.obj
 0002:00000c30       ??_C@_0BD@PJLIIJEL@connection?5refused@ 0000000180016c30     libcpmt:syserror.obj
 0002:00000c48       ??_C@_0BB@IECNJNOI@connection?5reset@ 0000000180016c48     libcpmt:syserror.obj
 0002:00000c60       ??_C@_0BC@PPHBOELF@cross?5device?5link@ 0000000180016c60     libcpmt:syserror.obj
 0002:00000c78       ??_C@_0BN@KDMIFEIP@destination?5address?5required@ 0000000180016c78     libcpmt:syserror.obj
 0002:00000c98       ??_C@_0BI@NGCEHDD@device?5or?5resource?5busy@ 0000000180016c98     libcpmt:syserror.obj
 0002:00000cb0       ??_C@_0BE@JIDOCPHM@directory?5not?5empty@ 0000000180016cb0     libcpmt:syserror.obj
 0002:00000cc8       ??_C@_0BI@BNCLIGPB@executable?5format?5error@ 0000000180016cc8     libcpmt:syserror.obj
 0002:00000ce0       ??_C@_0M@MIDIAGJP@file?5exists@ 0000000180016ce0     libcpmt:syserror.obj
 0002:00000cf0       ??_C@_0P@DNAJLBJK@file?5too?5large@ 0000000180016cf0     libcpmt:syserror.obj
 0002:00000d00       ??_C@_0BC@EJHOMAAK@filename?5too?5long@ 0000000180016d00     libcpmt:syserror.obj
 0002:00000d18       ??_C@_0BH@KEFGLDAF@function?5not?5supported@ 0000000180016d18     libcpmt:syserror.obj
 0002:00000d30       ??_C@_0BB@DHFDFGDM@host?5unreachable@ 0000000180016d30     libcpmt:syserror.obj
 0002:00000d48       ??_C@_0BD@JPHBMONG@identifier?5removed@ 0000000180016d48     libcpmt:syserror.obj
 0002:00000d60       ??_C@_0BG@CDNPAGJK@illegal?5byte?5sequence@ 0000000180016d60     libcpmt:syserror.obj
 0002:00000d78       ??_C@_0CD@BNPLBMNA@inappropriate?5io?5control?5operat@ 0000000180016d78     libcpmt:syserror.obj
 0002:00000da0       ??_C@_0M@EGEKIIMP@interrupted@ 0000000180016da0     libcpmt:syserror.obj
 0002:00000db0       ??_C@_0BB@FCMFBGOM@invalid?5argument@ 0000000180016db0     libcpmt:syserror.obj
 0002:00000dc8       ??_C@_0N@OHAFKDEK@invalid?5seek@ 0000000180016dc8     libcpmt:syserror.obj
 0002:00000dd8       ??_C@_08GLNPIFBN@io?5error@ 0000000180016dd8     libcpmt:syserror.obj
 0002:00000de8       ??_C@_0P@FLLDBIDK@is?5a?5directory@ 0000000180016de8     libcpmt:syserror.obj
 0002:00000df8       ??_C@_0N@IFLPBIOP@message?5size@ 0000000180016df8     libcpmt:syserror.obj
 0002:00000e08       ??_C@_0N@KIIEAAIO@network?5down@ 0000000180016e08     libcpmt:syserror.obj
 0002:00000e18       ??_C@_0O@FNPDBHEE@network?5reset@ 0000000180016e18     libcpmt:syserror.obj
 0002:00000e28       ??_C@_0BE@IFNCKGE@network?5unreachable@ 0000000180016e28     libcpmt:syserror.obj
 0002:00000e40       ??_C@_0BA@PFFCAOFK@no?5buffer?5space@ 0000000180016e40     libcpmt:syserror.obj
 0002:00000e50       ??_C@_0BB@IEPBLJHK@no?5child?5process@ 0000000180016e50     libcpmt:syserror.obj
 0002:00000e68       ??_C@_07PLECNNKG@no?5link@ 0000000180016e68     libcpmt:syserror.obj
 0002:00000e70       ??_C@_0BC@NJECKMKE@no?5lock?5available@ 0000000180016e70     libcpmt:syserror.obj
 0002:00000e88       ??_C@_0BF@PBGGPKKE@no?5message?5available@ 0000000180016e88     libcpmt:syserror.obj
 0002:00000ea0       ??_C@_0L@EDOLMPAK@no?5message@ 0000000180016ea0     libcpmt:syserror.obj
 0002:00000eb0       ??_C@_0BD@EAMBFIDF@no?5protocol?5option@ 0000000180016eb0     libcpmt:syserror.obj
 0002:00000ec8       ??_C@_0BD@IJDJKDEA@no?5space?5on?5device@ 0000000180016ec8     libcpmt:syserror.obj
 0002:00000ee0       ??_C@_0BE@MKFDAFMP@no?5stream?5resources@ 0000000180016ee0     libcpmt:syserror.obj
 0002:00000ef8       ??_C@_0BK@IMCPHCBI@no?5such?5device?5or?5address@ 0000000180016ef8     libcpmt:syserror.obj
 0002:00000f18       ??_C@_0P@FDINDDOK@no?5such?5device@ 0000000180016f18     libcpmt:syserror.obj
 0002:00000f28       ??_C@_0BK@NDOCBPGE@no?5such?5file?5or?5directory@ 0000000180016f28     libcpmt:syserror.obj
 0002:00000f48       ??_C@_0BA@ENLPPKBN@no?5such?5process@ 0000000180016f48     libcpmt:syserror.obj
 0002:00000f58       ??_C@_0BA@DOCPFFJG@not?5a?5directory@ 0000000180016f58     libcpmt:syserror.obj
 0002:00000f68       ??_C@_0N@POEIPGGF@not?5a?5socket@ 0000000180016f68     libcpmt:syserror.obj
 0002:00000f78       ??_C@_0N@LGAPMMPI@not?5a?5stream@ 0000000180016f78     libcpmt:syserror.obj
 0002:00000f88       ??_C@_0O@GLMIBBEG@not?5connected@ 0000000180016f88     libcpmt:syserror.obj
 0002:00000f98       ??_C@_0BC@ENOOLCNF@not?5enough?5memory@ 0000000180016f98     libcpmt:syserror.obj
 0002:00000fb0       ??_C@_0O@NHEDABJP@not?5supported@ 0000000180016fb0     libcpmt:syserror.obj
 0002:00000fc0       ??_C@_0BD@MOLBPMEA@operation?5canceled@ 0000000180016fc0     libcpmt:syserror.obj
 0002:00000fd8       ??_C@_0BG@KDKHOPCO@operation?5in?5progress@ 0000000180016fd8     libcpmt:syserror.obj
 0002:00000ff0       ??_C@_0BI@OHIEJAAB@operation?5not?5permitted@ 0000000180016ff0     libcpmt:syserror.obj
 0002:00001008       ??_C@_0BI@LNEGIFLN@operation?5not?5supported@ 0000000180017008     libcpmt:syserror.obj
 0002:00001020       ??_C@_0BG@OEMDKMEE@operation?5would?5block@ 0000000180017020     libcpmt:syserror.obj
 0002:00001038       ??_C@_0L@BLPOFLNJ@owner?5dead@ 0000000180017038     libcpmt:syserror.obj
 0002:00001048       ??_C@_0BC@CIJDGCDI@permission?5denied@ 0000000180017048     libcpmt:syserror.obj
 0002:00001060       ??_C@_0P@FNPOCJBE@protocol?5error@ 0000000180017060     libcpmt:syserror.obj
 0002:00001070       ??_C@_0BH@JPPPLHJB@protocol?5not?5supported@ 0000000180017070     libcpmt:syserror.obj
 0002:00001088       ??_C@_0BG@EICBIHDP@read?5only?5file?5system@ 0000000180017088     libcpmt:syserror.obj
 0002:000010a0       ??_C@_0BO@BJBOMOEJ@resource?5deadlock?5would?5occur@ 00000001800170a0     libcpmt:syserror.obj
 0002:000010c0       ??_C@_0BP@LKNGHENJ@resource?5unavailable?5try?5again@ 00000001800170c0     libcpmt:syserror.obj
 0002:000010e0       ??_C@_0BE@GOIPJJHG@result?5out?5of?5range@ 00000001800170e0     libcpmt:syserror.obj
 0002:000010f8       ??_C@_0BG@MPLKFPAE@state?5not?5recoverable@ 00000001800170f8     libcpmt:syserror.obj
 0002:00001110       ??_C@_0P@DIIFGFCG@stream?5timeout@ 0000000180017110     libcpmt:syserror.obj
 0002:00001120       ??_C@_0P@IPFDMIFL@text?5file?5busy@ 0000000180017120     libcpmt:syserror.obj
 0002:00001130       ??_C@_09KJPPMAOI@timed?5out@ 0000000180017130     libcpmt:syserror.obj
 0002:00001140       ??_C@_0BO@HACHBEKI@too?5many?5files?5open?5in?5system@ 0000000180017140     libcpmt:syserror.obj
 0002:00001160       ??_C@_0BE@GHAFMPAH@too?5many?5files?5open@ 0000000180017160     libcpmt:syserror.obj
 0002:00001178       ??_C@_0P@HCOMKFCC@too?5many?5links@ 0000000180017178     libcpmt:syserror.obj
 0002:00001188       ??_C@_0BO@EFGOJEF@too?5many?5symbolic?5link?5levels@ 0000000180017188     libcpmt:syserror.obj
 0002:000011a8       ??_C@_0BA@KGKGOOJA@value?5too?5large@ 00000001800171a8     libcpmt:syserror.obj
 0002:000011b8       ??_C@_0BE@MIEJDDNH@wrong?5protocol?5type@ 00000001800171b8     libcpmt:syserror.obj
 0002:000011d0       ??_C@_1BK@MGMFAEKH@?$AAk?$AAe?$AAr?$AAn?$AAe?$AAl?$AA3?$AA2?$AA?4?$AAd?$AAl?$AAl@ 00000001800171d0     libcpmt:winapisupp.obj
 0002:000011f0       ??_C@_08KNHFBNJ@FlsAlloc@  00000001800171f0     libcpmt:winapisupp.obj
 0002:00001200       ??_C@_07PEJMOBNF@FlsFree@  0000000180017200     libcpmt:winapisupp.obj
 0002:00001208       ??_C@_0M@GDNOONDI@FlsGetValue@ 0000000180017208     libcpmt:winapisupp.obj
 0002:00001218       ??_C@_0M@JCPCPOEF@FlsSetValue@ 0000000180017218     libcpmt:winapisupp.obj
 0002:00001228       ??_C@_0BM@HCFOFFN@InitializeCriticalSectionEx@ 0000000180017228     libcpmt:winapisupp.obj
 0002:00001248       ??_C@_0BE@GPLMMCMH@InitOnceExecuteOnce@ 0000000180017248     libcpmt:winapisupp.obj
 0002:00001260       ??_C@_0P@DLHPPCNH@CreateEventExW@ 0000000180017260     libcpmt:winapisupp.obj
 0002:00001270       ??_C@_0BB@MEFPJLHN@CreateSemaphoreW@ 0000000180017270     libcpmt:winapisupp.obj
 0002:00001288       ??_C@_0BD@KIEEOEEH@CreateSemaphoreExW@ 0000000180017288     libcpmt:winapisupp.obj
 0002:000012a0       ??_C@_0BG@OGFAJCKC@CreateThreadpoolTimer@ 00000001800172a0     libcpmt:winapisupp.obj
 0002:000012b8       ??_C@_0BD@LPLEMMDI@SetThreadpoolTimer@ 00000001800172b8     libcpmt:winapisupp.obj
 0002:000012d0       ??_C@_0CA@FMNJENH@WaitForThreadpoolTimerCallbacks@ 00000001800172d0     libcpmt:winapisupp.obj
 0002:000012f0       ??_C@_0BF@DCFCCNOC@CloseThreadpoolTimer@ 00000001800172f0     libcpmt:winapisupp.obj
 0002:00001308       ??_C@_0BF@FLABGKKM@CreateThreadpoolWait@ 0000000180017308     libcpmt:winapisupp.obj
 0002:00001320       ??_C@_0BC@MGCOHNA@SetThreadpoolWait@ 0000000180017320     libcpmt:winapisupp.obj
 0002:00001338       ??_C@_0BE@OCIOMIMP@CloseThreadpoolWait@ 0000000180017338     libcpmt:winapisupp.obj
 0002:00001350       ??_C@_0BJ@LKGHFHBO@FlushProcessWriteBuffers@ 0000000180017350     libcpmt:winapisupp.obj
 0002:00001370       ??_C@_0BP@KALKKPMO@FreeLibraryWhenCallbackReturns@ 0000000180017370     libcpmt:winapisupp.obj
 0002:00001390       ??_C@_0BK@DFNBACLA@GetCurrentProcessorNumber@ 0000000180017390     libcpmt:winapisupp.obj
 0002:000013b0       ??_C@_0BE@FKKLLFLM@CreateSymbolicLinkW@ 00000001800173b0     libcpmt:winapisupp.obj
 0002:000013c8       ??_C@_0BE@JOGNEJCI@GetCurrentPackageId@ 00000001800173c8     libcpmt:winapisupp.obj
 0002:000013e0       ??_C@_0P@CDHHOHKP@GetTickCount64@ 00000001800173e0     libcpmt:winapisupp.obj
 0002:000013f0       ??_C@_0BN@NEEHBBPO@GetFileInformationByHandleEx@ 00000001800173f0     libcpmt:winapisupp.obj
 0002:00001410       ??_C@_0BL@KBBHGKCM@SetFileInformationByHandle@ 0000000180017410     libcpmt:winapisupp.obj
 0002:00001430       ??_C@_0BP@FPNJPEJC@GetSystemTimePreciseAsFileTime@ 0000000180017430     libcpmt:winapisupp.obj
 0002:00001450       ??_C@_0BM@HLJJNPAH@InitializeConditionVariable@ 0000000180017450     libcpmt:winapisupp.obj
 0002:00001470       ??_C@_0BG@BFNILBLN@WakeConditionVariable@ 0000000180017470     libcpmt:winapisupp.obj
 0002:00001488       ??_C@_0BJ@PGPPEPCC@WakeAllConditionVariable@ 0000000180017488     libcpmt:winapisupp.obj
 0002:000014a8       ??_C@_0BJ@JEBJOJFJ@SleepConditionVariableCS@ 00000001800174a8     libcpmt:winapisupp.obj
 0002:000014c8       ??_C@_0BC@MMLHEBPB@InitializeSRWLock@ 00000001800174c8     libcpmt:winapisupp.obj
 0002:000014e0       ??_C@_0BI@OMNLIJDB@AcquireSRWLockExclusive@ 00000001800174e0     libcpmt:winapisupp.obj
 0002:000014f8       ??_C@_0BL@OGHFEMNA@TryAcquireSRWLockExclusive@ 00000001800174f8     libcpmt:winapisupp.obj
 0002:00001518       ??_C@_0BI@HMIEPCNJ@ReleaseSRWLockExclusive@ 0000000180017518     libcpmt:winapisupp.obj
 0002:00001530       ??_C@_0BK@LGACAGIC@SleepConditionVariableSRW@ 0000000180017530     libcpmt:winapisupp.obj
 0002:00001550       ??_C@_0BF@GGPHFPJA@CreateThreadpoolWork@ 0000000180017550     libcpmt:winapisupp.obj
 0002:00001568       ??_C@_0BF@NHDAIMMO@SubmitThreadpoolWork@ 0000000180017568     libcpmt:winapisupp.obj
 0002:00001580       ??_C@_0BE@NPHIPNPD@CloseThreadpoolWork@ 0000000180017580     libcpmt:winapisupp.obj
 0002:00001598       ??_C@_0BA@IHGNDAEB@CompareStringEx@ 0000000180017598     libcpmt:winapisupp.obj
 0002:000015a8       ??_C@_0BA@ONOKGCMP@GetLocaleInfoEx@ 00000001800175a8     libcpmt:winapisupp.obj
 0002:000015b8       ??_C@_0O@KKBNKAPF@LCMapStringEx@ 00000001800175b8     libcpmt:winapisupp.obj
 0002:000015f0       ??_C@_11LOCGONAA@@         00000001800175f0     libcpmt:wlocale.obj
 0002:00003320       ??_C@_15EMKDOKLE@?$AAa?$AAr@ 0000000180019320     libcpmt:winapinls.obj
 0002:00003328       ??_C@_15KNPADPLH@?$AAb?$AAg@ 0000000180019328     libcpmt:winapinls.obj
 0002:00003330       ??_C@_15EDMHLDMO@?$AAc?$AAa@ 0000000180019330     libcpmt:winapinls.obj
 0002:00003338       ??_C@_1O@BPEAJADD@?$AAz?$AAh?$AA?9?$AAC?$AAH?$AAS@ 0000000180019338     libcpmt:winapinls.obj
 0002:00003348       ??_C@_15LJNHCMNK@?$AAc?$AAs@ 0000000180019348     libcpmt:winapinls.obj
 0002:00003350       ??_C@_15FOMCIDHG@?$AAd?$AAa@ 0000000180019350     libcpmt:winapinls.obj
 0002:00003358       ??_C@_15NBKABECB@?$AAd?$AAe@ 0000000180019358     libcpmt:winapinls.obj
 0002:00003360       ??_C@_15GHPEIIAO@?$AAe?$AAl@ 0000000180019360     libcpmt:winapinls.obj
 0002:00003368       ??_C@_15MNPNEAIF@?$AAe?$AAn@ 0000000180019368     libcpmt:winapinls.obj
 0002:00003370       ??_C@_15GPIOMPMH@?$AAe?$AAs@ 0000000180019370     libcpmt:winapinls.obj
 0002:00003378       ??_C@_15NGLOAKJC@?$AAf?$AAi@ 0000000180019378     libcpmt:winapinls.obj
 0002:00003380       ??_C@_15FBKGNKAM@?$AAf?$AAr@ 0000000180019380     libcpmt:winapinls.obj
 0002:00003388       ??_C@_15KGGCNEFK@?$AAh?$AAe@ 0000000180019388     libcpmt:winapinls.obj
 0002:00003390       ??_C@_15PGHLIDMF@?$AAh?$AAu@ 0000000180019390     libcpmt:winapinls.obj
 0002:00003398       ??_C@_15BIEMAPLM@?$AAi?$AAs@ 0000000180019398     libcpmt:winapinls.obj
 0002:000033a0       ??_C@_15IFJLDHAF@?$AAi?$AAt@ 00000001800193a0     libcpmt:winapinls.obj
 0002:000033a8       ??_C@_15GEMIOCAG@?$AAj?$AAa@ 00000001800193a8     libcpmt:winapinls.obj
 0002:000033b0       ??_C@_15EPELEGJA@?$AAk?$AAo@ 00000001800193b0     libcpmt:winapinls.obj
 0002:000033b8       ??_C@_15NDDHIMN@?$AAn?$AAl@ 00000001800193b8     libcpmt:winapinls.obj
 0002:000033c0       ??_C@_15BPIGNHCD@?$AAn?$AAo@ 00000001800193c0     libcpmt:winapinls.obj
 0002:000033c8       ??_C@_15DEOPBLCG@?$AAp?$AAl@ 00000001800193c8     libcpmt:winapinls.obj
 0002:000033d0       ??_C@_15KBECGEFG@?$AAp?$AAt@ 00000001800193d0     libcpmt:winapinls.obj
 0002:000033d8       ??_C@_15GLJCBFMD@?$AAr?$AAo@ 00000001800193d8     libcpmt:winapinls.obj
 0002:000033e0       ??_C@_15FEDGKCDI@?$AAr?$AAu@ 00000001800193e0     libcpmt:winapinls.obj
 0002:000033e8       ??_C@_15GLKMLLHM@?$AAh?$AAr@ 00000001800193e8     libcpmt:winapinls.obj
 0002:000033f0       ??_C@_15CPKMFBDB@?$AAs?$AAk@ 00000001800193f0     libcpmt:winapinls.obj
 0002:000033f8       ??_C@_15BAAIOGMK@?$AAs?$AAq@ 00000001800193f8     libcpmt:winapinls.obj
 0002:00003400       ??_C@_15INNPNOHD@?$AAs?$AAv@ 0000000180019400     libcpmt:winapinls.obj
 0002:00003408       ??_C@_15CABMMOGH@?$AAt?$AAh@ 0000000180019408     libcpmt:winapinls.obj
 0002:00003410       ??_C@_15BPLIHJJM@?$AAt?$AAr@ 0000000180019410     libcpmt:winapinls.obj
 0002:00003418       ??_C@_15NEOEKKDJ@?$AAu?$AAr@ 0000000180019418     libcpmt:winapinls.obj
 0002:00003420       ??_C@_15NFICGAJK@?$AAi?$AAd@ 0000000180019420     libcpmt:winapinls.obj
 0002:00003428       ??_C@_15PJPFLCCM@?$AAu?$AAk@ 0000000180019428     libcpmt:winapinls.obj
 0002:00003430       ??_C@_15HPJPHDM@?$AAb?$AAe@ 0000000180019430     libcpmt:winapinls.obj
 0002:00003438       ??_C@_15LCHLGJII@?$AAs?$AAl@ 0000000180019438     libcpmt:winapinls.obj
 0002:00003440       ??_C@_15PCFJPHHO@?$AAe?$AAt@ 0000000180019440     libcpmt:winapinls.obj
 0002:00003448       ??_C@_15HPFPGODN@?$AAl?$AAv@ 0000000180019448     libcpmt:winapinls.obj
 0002:00003450       ??_C@_15NFFGKGLG@?$AAl?$AAt@ 0000000180019450     libcpmt:winapinls.obj
 0002:00003458       ??_C@_15BDAKCCHN@?$AAf?$AAa@ 0000000180019458     libcpmt:winapinls.obj
 0002:00003460       ??_C@_15NFGIAIAJ@?$AAv?$AAi@ 0000000180019460     libcpmt:winapinls.obj
 0002:00003468       ??_C@_15LMKNDMHN@?$AAh?$AAy@ 0000000180019468     libcpmt:winapinls.obj
 0002:00003470       ??_C@_15IJBHMCFL@?$AAa?$AAz@ 0000000180019470     libcpmt:winapinls.obj
 0002:00003478       ??_C@_15EKOFJABL@?$AAe?$AAu@ 0000000180019478     libcpmt:winapinls.obj
 0002:00003480       ??_C@_15BGHADCNK@?$AAm?$AAk@ 0000000180019480     libcpmt:winapinls.obj
 0002:00003488       ??_C@_15JDNICKHM@?$AAa?$AAf@ 0000000180019488     libcpmt:winapinls.obj
 0002:00003490       ??_C@_15KPJEDBKD@?$AAk?$AAa@ 0000000180019490     libcpmt:winapinls.obj
 0002:00003498       ??_C@_15PDNFFFEO@?$AAf?$AAo@ 0000000180019498     libcpmt:winapinls.obj
 0002:000034a0       ??_C@_15OMLEGLOC@?$AAh?$AAi@ 00000001800194a0     libcpmt:winapinls.obj
 0002:000034a8       ??_C@_15IDNNENKK@?$AAm?$AAs@ 00000001800194a8     libcpmt:winapinls.obj
 0002:000034b0       ??_C@_15MACJNBMH@?$AAk?$AAk@ 00000001800194b0     libcpmt:winapinls.obj
 0002:000034b8       ??_C@_15DKDJEOND@?$AAk?$AAy@ 00000001800194b8     libcpmt:winapinls.obj
 0002:000034c0       ??_C@_15DFGDLJBG@?$AAs?$AAw@ 00000001800194c0     libcpmt:winapinls.obj
 0002:000034c8       ??_C@_15BBFAICNG@?$AAu?$AAz@ 00000001800194c8     libcpmt:winapinls.obj
 0002:000034d0       ??_C@_15DKNDCGEA@?$AAt?$AAt@ 00000001800194d0     libcpmt:winapinls.obj
 0002:000034d8       ??_C@_15MGIFMDPL@?$AAp?$AAa@ 00000001800194d8     libcpmt:winapinls.obj
 0002:000034e0       ??_C@_15HCNDBBA@?$AAg?$AAu@ 00000001800194e0     libcpmt:winapinls.obj
 0002:000034e8       ??_C@_15FNBEIBON@?$AAt?$AAa@ 00000001800194e8     libcpmt:winapinls.obj
 0002:000034f0       ??_C@_15NCHGBGLK@?$AAt?$AAe@ 00000001800194f0     libcpmt:winapinls.obj
 0002:000034f8       ??_C@_15PHPHCBPF@?$AAk?$AAn@ 00000001800194f8     libcpmt:winapinls.obj
 0002:00003500       ??_C@_15DLGBCKMP@?$AAm?$AAr@ 0000000180019500     libcpmt:winapinls.obj
 0002:00003508       ??_C@_15EABBLBFF@?$AAs?$AAa@ 0000000180019508     libcpmt:winapinls.obj
 0002:00003510       ??_C@_15CBKOMCOI@?$AAm?$AAn@ 0000000180019510     libcpmt:winapinls.obj
 0002:00003518       ??_C@_15CKDMCJAF@?$AAg?$AAl@ 0000000180019518     libcpmt:winapinls.obj
 0002:00003520       ??_C@_17CNJFBPG@?$AAk?$AAo?$AAk@ 0000000180019520     libcpmt:winapinls.obj
 0002:00003528       ??_C@_17FFBJICPL@?$AAs?$AAy?$AAr@ 0000000180019528     libcpmt:winapinls.obj
 0002:00003530       ??_C@_17KPNDCPAF@?$AAd?$AAi?$AAv@ 0000000180019530     libcpmt:winapinls.obj
 0002:00003538       ??_C@_1M@OKAHONE@?$AAa?$AAr?$AA?9?$AAS?$AAA@ 0000000180019538     libcpmt:winapinls.obj
 0002:00003548       ??_C@_1M@FFFIGIGK@?$AAb?$AAg?$AA?9?$AAB?$AAG@ 0000000180019548     libcpmt:winapinls.obj
 0002:00003558       ??_C@_1M@BJNKEDC@?$AAc?$AAa?$AA?9?$AAE?$AAS@ 0000000180019558     libcpmt:winapinls.obj
 0002:00003568       ??_C@_1M@CLNBBOPM@?$AAz?$AAh?$AA?9?$AAT?$AAW@ 0000000180019568     libcpmt:winapinls.obj
 0002:00003578       ??_C@_1M@IJJHFJHA@?$AAc?$AAs?$AA?9?$AAC?$AAZ@ 0000000180019578     libcpmt:winapinls.obj
 0002:00003588       ??_C@_1M@CLPEOBGI@?$AAd?$AAa?$AA?9?$AAD?$AAK@ 0000000180019588     libcpmt:winapinls.obj
 0002:00003598       ??_C@_1M@MCMADGCB@?$AAd?$AAe?$AA?9?$AAD?$AAE@ 0000000180019598     libcpmt:winapinls.obj
 0002:000035a8       ??_C@_1M@OOCKEMAM@?$AAe?$AAl?$AA?9?$AAG?$AAR@ 00000001800195a8     libcpmt:winapinls.obj
 0002:000035b8       ??_C@_1M@BMHNFIME@?$AAe?$AAn?$AA?9?$AAU?$AAS@ 00000001800195b8     libcpmt:winapinls.obj
 0002:000035c8       ??_C@_1M@DDNJFGID@?$AAf?$AAi?$AA?9?$AAF?$AAI@ 00000001800195c8     libcpmt:winapinls.obj
 0002:000035d8       ??_C@_1M@GLIPPMAC@?$AAf?$AAr?$AA?9?$AAF?$AAR@ 00000001800195d8     libcpmt:winapinls.obj
 0002:000035e8       ??_C@_1M@GFMCHPE@?$AAh?$AAe?$AA?9?$AAI?$AAL@ 00000001800195e8     libcpmt:winapinls.obj
 0002:000035f8       ??_C@_1M@MHLPGNKM@?$AAh?$AAu?$AA?9?$AAH?$AAU@ 00000001800195f8     libcpmt:winapinls.obj
 0002:00003608       ??_C@_1M@LPDDNNPN@?$AAi?$AAs?$AA?9?$AAI?$AAS@ 0000000180019608     libcpmt:winapinls.obj
 0002:00003618       ??_C@_1M@MADIPODN@?$AAi?$AAt?$AA?9?$AAI?$AAT@ 0000000180019618     libcpmt:winapinls.obj
 0002:00003628       ??_C@_1M@HPNHIDJI@?$AAj?$AAa?$AA?9?$AAJ?$AAP@ 0000000180019628     libcpmt:winapinls.obj
 0002:00003638       ??_C@_1M@JLOOOEGK@?$AAk?$AAo?$AA?9?$AAK?$AAR@ 0000000180019638     libcpmt:winapinls.obj
 0002:00003648       ??_C@_1M@IHBJJGG@?$AAn?$AAl?$AA?9?$AAN?$AAL@ 0000000180019648     libcpmt:winapinls.obj
 0002:00003658       ??_C@_1M@EANAGDL@?$AAn?$AAb?$AA?9?$AAN?$AAO@ 0000000180019658     libcpmt:winapinls.obj
 0002:00003668       ??_C@_1M@NEIEMEGP@?$AAp?$AAl?$AA?9?$AAP?$AAL@ 0000000180019668     libcpmt:winapinls.obj
 0002:00003678       ??_C@_1M@BOCFIGEP@?$AAp?$AAt?$AA?9?$AAB?$AAR@ 0000000180019678     libcpmt:winapinls.obj
 0002:00003688       ??_C@_1M@IMPFOPBG@?$AAr?$AAo?$AA?9?$AAR?$AAO@ 0000000180019688     libcpmt:winapinls.obj
 0002:00003698       ??_C@_1M@IDNNEJMM@?$AAr?$AAu?$AA?9?$AAR?$AAU@ 0000000180019698     libcpmt:winapinls.obj
 0002:000036a8       ??_C@_1M@LILEEOGM@?$AAh?$AAr?$AA?9?$AAH?$AAR@ 00000001800196a8     libcpmt:winapinls.obj
 0002:000036b8       ??_C@_1M@FKIFEHPB@?$AAs?$AAk?$AA?9?$AAS?$AAK@ 00000001800196b8     libcpmt:winapinls.obj
 0002:000036c8       ??_C@_1M@LJMAMNPJ@?$AAs?$AAq?$AA?9?$AAA?$AAL@ 00000001800196c8     libcpmt:winapinls.obj
 0002:000036d8       ??_C@_1M@GIAKDKJK@?$AAs?$AAv?$AA?9?$AAS?$AAE@ 00000001800196d8     libcpmt:winapinls.obj
 0002:000036e8       ??_C@_1M@MKJKIKCL@?$AAt?$AAh?$AA?9?$AAT?$AAH@ 00000001800196e8     libcpmt:winapinls.obj
 0002:000036f8       ??_C@_1M@MFLCCMPB@?$AAt?$AAr?$AA?9?$AAT?$AAR@ 00000001800196f8     libcpmt:winapinls.obj
 0002:00003708       ??_C@_1M@OIJHDKJN@?$AAu?$AAr?$AA?9?$AAP?$AAK@ 0000000180019708     libcpmt:winapinls.obj
 0002:00003718       ??_C@_1M@LHIPCIEK@?$AAi?$AAd?$AA?9?$AAI?$AAD@ 0000000180019718     libcpmt:winapinls.obj
 0002:00003728       ??_C@_1M@MFMOBGI@?$AAu?$AAk?$AA?9?$AAU?$AAA@ 0000000180019728     libcpmt:winapinls.obj
 0002:00003738       ??_C@_1M@OBGLJIPL@?$AAb?$AAe?$AA?9?$AAB?$AAY@ 0000000180019738     libcpmt:winapinls.obj
 0002:00003748       ??_C@_1M@BCFAJEAD@?$AAs?$AAl?$AA?9?$AAS?$AAI@ 0000000180019748     libcpmt:winapinls.obj
 0002:00003758       ??_C@_1M@FKFFEDDN@?$AAe?$AAt?$AA?9?$AAE?$AAE@ 0000000180019758     libcpmt:winapinls.obj
 0002:00003768       ??_C@_1M@KGKKAACI@?$AAl?$AAv?$AA?9?$AAL?$AAV@ 0000000180019768     libcpmt:winapinls.obj
 0002:00003778       ??_C@_1M@IFGBIJO@?$AAl?$AAt?$AA?9?$AAL?$AAT@ 0000000180019778     libcpmt:winapinls.obj
 0002:00003788       ??_C@_1M@FGEAHEDM@?$AAf?$AAa?$AA?9?$AAI?$AAR@ 0000000180019788     libcpmt:winapinls.obj
 0002:00003798       ??_C@_1M@KBMAIBFN@?$AAv?$AAi?$AA?9?$AAV?$AAN@ 0000000180019798     libcpmt:winapinls.obj
 0002:000037a8       ??_C@_1M@GPCBKDJK@?$AAh?$AAy?$AA?9?$AAA?$AAM@ 00000001800197a8     libcpmt:winapinls.obj
 0002:000037b8       ??_C@_1BG@BECMDDJB@?$AAa?$AAz?$AA?9?$AAA?$AAZ?$AA?9?$AAL?$AAa?$AAt?$AAn@ 00000001800197b8     libcpmt:winapinls.obj
 0002:000037d0       ??_C@_1M@MAOFCAEA@?$AAe?$AAu?$AA?9?$AAE?$AAS@ 00000001800197d0     libcpmt:winapinls.obj
 0002:000037e0       ??_C@_1M@IGHABKPI@?$AAm?$AAk?$AA?9?$AAM?$AAK@ 00000001800197e0     libcpmt:winapinls.obj
 0002:000037f0       ??_C@_1M@IAIGNEJG@?$AAt?$AAn?$AA?9?$AAZ?$AAA@ 00000001800197f0     libcpmt:winapinls.obj
 0002:00003800       ??_C@_1M@IIJCOJFA@?$AAx?$AAh?$AA?9?$AAZ?$AAA@ 0000000180019800     libcpmt:winapinls.obj
 0002:00003810       ??_C@_1M@LGPJHNJH@?$AAz?$AAu?$AA?9?$AAZ?$AAA@ 0000000180019810     libcpmt:winapinls.obj
 0002:00003820       ??_C@_1M@HOKAOIO@?$AAa?$AAf?$AA?9?$AAZ?$AAA@ 0000000180019820     libcpmt:winapinls.obj
 0002:00003830       ??_C@_1M@DPCLHLIE@?$AAk?$AAa?$AA?9?$AAG?$AAE@ 0000000180019830     libcpmt:winapinls.obj
 0002:00003840       ??_C@_1M@BLKMHJBI@?$AAf?$AAo?$AA?9?$AAF?$AAO@ 0000000180019840     libcpmt:winapinls.obj
 0002:00003850       ??_C@_1M@LGGJAPPB@?$AAh?$AAi?$AA?9?$AAI?$AAN@ 0000000180019850     libcpmt:winapinls.obj
 0002:00003860       ??_C@_1M@FIKPIHFE@?$AAm?$AAt?$AA?9?$AAM?$AAT@ 0000000180019860     libcpmt:winapinls.obj
 0002:00003870       ??_C@_1M@HEGGPBFA@?$AAs?$AAe?$AA?9?$AAN?$AAO@ 0000000180019870     libcpmt:winapinls.obj
 0002:00003880       ??_C@_1M@EIBJEEPA@?$AAm?$AAs?$AA?9?$AAM?$AAY@ 0000000180019880     libcpmt:winapinls.obj
 0002:00003890       ??_C@_1M@FHLBGMPP@?$AAk?$AAk?$AA?9?$AAK?$AAZ@ 0000000180019890     libcpmt:winapinls.obj
 0002:000038a0       ??_C@_1M@NGJJLCGI@?$AAk?$AAy?$AA?9?$AAK?$AAG@ 00000001800198a0     libcpmt:winapinls.obj
 0002:000038b0       ??_C@_1M@GIENNBFC@?$AAs?$AAw?$AA?9?$AAK?$AAE@ 00000001800198b0     libcpmt:winapinls.obj
 0002:000038c0       ??_C@_1BG@NDGMJIMJ@?$AAu?$AAz?$AA?9?$AAU?$AAZ?$AA?9?$AAL?$AAa?$AAt?$AAn@ 00000001800198c0     libcpmt:winapinls.obj
 0002:000038d8       ??_C@_1M@IDCCIHBC@?$AAt?$AAt?$AA?9?$AAR?$AAU@ 00000001800198d8     libcpmt:winapinls.obj
 0002:000038e8       ??_C@_1M@LOICPMOJ@?$AAb?$AAn?$AA?9?$AAI?$AAN@ 00000001800198e8     libcpmt:winapinls.obj
 0002:000038f8       ??_C@_1M@KPKKNEAH@?$AAp?$AAa?$AA?9?$AAI?$AAN@ 00000001800198f8     libcpmt:winapinls.obj
 0002:00003908       ??_C@_1M@PJGPPBOG@?$AAg?$AAu?$AA?9?$AAI?$AAN@ 0000000180019908     libcpmt:winapinls.obj
 0002:00003918       ??_C@_1M@KMKMOPHI@?$AAt?$AAa?$AA?9?$AAI?$AAN@ 0000000180019918     libcpmt:winapinls.obj
 0002:00003928       ??_C@_1M@KFEHEPAC@?$AAt?$AAe?$AA?9?$AAI?$AAN@ 0000000180019928     libcpmt:winapinls.obj
 0002:00003938       ??_C@_1M@CDCLMGHI@?$AAk?$AAn?$AA?9?$AAI?$AAN@ 0000000180019938     libcpmt:winapinls.obj
 0002:00003948       ??_C@_1M@MIODLDKF@?$AAm?$AAl?$AA?9?$AAI?$AAN@ 0000000180019948     libcpmt:winapinls.obj
 0002:00003958       ??_C@_1M@PBIEACPO@?$AAm?$AAr?$AA?9?$AAI?$AAN@ 0000000180019958     libcpmt:winapinls.obj
 0002:00003968       ??_C@_1M@NIDEAGPH@?$AAs?$AAa?$AA?9?$AAI?$AAN@ 0000000180019968     libcpmt:winapinls.obj
 0002:00003978       ??_C@_1M@FHIHCBIO@?$AAm?$AAn?$AA?9?$AAM?$AAN@ 0000000180019978     libcpmt:winapinls.obj
 0002:00003988       ??_C@_1M@JAIJPENP@?$AAc?$AAy?$AA?9?$AAG?$AAB@ 0000000180019988     libcpmt:winapinls.obj
 0002:00003998       ??_C@_1M@PHGFBEPN@?$AAg?$AAl?$AA?9?$AAE?$AAS@ 0000000180019998     libcpmt:winapinls.obj
 0002:000039a8       ??_C@_1O@KPIPDNCP@?$AAk?$AAo?$AAk?$AA?9?$AAI?$AAN@ 00000001800199a8     libcpmt:winapinls.obj
 0002:000039b8       ??_C@_1O@KNHJLDJA@?$AAs?$AAy?$AAr?$AA?9?$AAS?$AAY@ 00000001800199b8     libcpmt:winapinls.obj
 0002:000039c8       ??_C@_1O@MKEKBLAH@?$AAd?$AAi?$AAv?$AA?9?$AAM?$AAV@ 00000001800199c8     libcpmt:winapinls.obj
[...]
 0004:00000d50       $pdata$_clrfp              000000018002cd50     libucrt:fpctrl.obj
 0004:00000d5c       $pdata$_ctrlfp             000000018002cd5c     libucrt:fpctrl.obj
 0004:00000d68       $pdata$_set_statfp         000000018002cd68     libucrt:fpctrl.obj
 0004:00000d74       $pdata$_statfp             000000018002cd74     libucrt:fpctrl.obj
 0004:00000d80       $pdata$__acrt_initialize_fma3 000000018002cd80     libucrt:fma3_available.obj
 0004:00000d8c       $pdata$_pow_special        000000018002cd8c     libucrt:pow_special.obj
 0004:00000d98       $pdata$_powf_special       000000018002cd98     libucrt:pow_special.obj
 0004:00000da4       $pdata$__acrt_WideCharToMultiByte 000000018002cda4     libucrt:widechartomultibyte.obj
 0004:00000db0       $pdata$__acrt_get_process_end_policy 000000018002cdb0     libucrt:win_policies.obj
 0004:00000dbc       $pdata$??$common_expand_argv_wildcards@D@@YAHQEAPEADQEAPEAPEAD@Z 000000018002cdbc     libucrt:argv_wildcards.obj
 0004:00000dc8       $pdata$??$copy_and_add_argument_to_buffer@D@@YAHQEBD0_KAEAV?$argument_list@D@?A0x5f5c8891@@@Z 000000018002cdc8     libucrt:argv_wildcards.obj
 0004:00000dd4       $pdata$??$expand_argument_wildcards@D@@YAHQEAD0AEAV?$argument_list@D@?A0x5f5c8891@@@Z 000000018002cdd4     libucrt:argv_wildcards.obj
 0004:00000de0       $pdata$__acrt_GetModuleFileNameA 000000018002cde0     libucrt:getmodulefilenamea.obj
 0004:00000dec       $pdata$??$?RV<lambda_efdfa57d1f175319df784efa44bb7b81>@@AEAV<lambda_5f0a4c1567f8adc6734073e5d1e1b35c>@@V<lambda_2e8a7d3640ea6ccb4c2413664c2db6fd>@@@?$__crt_seh_guarded_call@X@@QEAAX$$QEAV<lambda_efdfa57d1f175319df784efa44bb7b81>@@AEAV<lambda_5f0a4c1567f8adc6734073e5d1e1b35c>@@$$QEAV<lambda_2e8a7d3640ea6ccb4c2413664c2db6fd>@@@Z 000000018002cdec     libucrt:mbctype.obj
 0004:00000df8       $pdata$?getSystemCP@@YAHH@Z 000000018002cdf8     libucrt:mbctype.obj
 0004:00000e04       $pdata$?setSBCS@@YAXPEAU__crt_multibyte_data@@@Z 000000018002ce04     libucrt:mbctype.obj
 0004:00000e10       $pdata$?setSBUpLow@@YAXPEAU__crt_multibyte_data@@@Z 000000018002ce10     libucrt:mbctype.obj
 0004:00000e1c       $pdata$?setmbcp_internal@@YAHH_NQEAU__acrt_ptd@@QEAPEAU__crt_multibyte_data@@@Z 000000018002ce1c     libucrt:mbctype.obj
 0004:00000e28       $pdata$?update_thread_multibyte_data_internal@@YAPEAU__crt_multibyte_data@@QEAU__acrt_ptd@@QEAPEAU1@@Z 000000018002ce28     libucrt:mbctype.obj
 0004:00000e34       $pdata$__acrt_initialize_multibyte 000000018002ce34     libucrt:mbctype.obj
 0004:00000e40       $pdata$__acrt_update_thread_multibyte_data 000000018002ce40     libucrt:mbctype.obj
 0004:00000e4c       $pdata$_setmbcp_nolock     000000018002ce4c     libucrt:mbctype.obj
 0004:00000e58       $pdata$?x_ismbbtype_l@@YAHPEAU__crt_locale_pointers@@IHH@Z 000000018002ce58     libucrt:ismbbyte.obj
 0004:00000e64       $pdata$__acrt_initialize_command_line 000000018002ce64     libucrt:argv_data.obj
 0004:00000e70       $pdata$__dcrt_get_narrow_environment_from_os 000000018002ce70     libucrt:get_environment_from_os.obj
 0004:00000e7c       $pdata$_recalloc_base      000000018002ce7c     libucrt:recalloc.obj
 0004:00000e88       $pdata$__acrt_initialize_heap 000000018002ce88     libucrt:heap_handle.obj
 0004:00000e94       $pdata$__acrt_execute_initializers 000000018002ce94     libucrt:shared_initialization.obj
 0004:00000ea0       $pdata$__acrt_execute_uninitializers 000000018002cea0     libucrt:shared_initialization.obj
 0004:00000eac       $pdata$__acrt_lowio_create_handle_array 000000018002ceac     libucrt:osfinfo.obj
 0004:00000eb8       $pdata$__acrt_lowio_destroy_handle_array 000000018002ceb8     libucrt:osfinfo.obj
 0004:00000ec4       $pdata$__acrt_lowio_ensure_fh_exists 000000018002cec4     libucrt:osfinfo.obj
 0004:00000ed0       $pdata$_free_osfhnd        000000018002ced0     libucrt:osfinfo.obj
 0004:00000edc       $pdata$_get_osfhandle      000000018002cedc     libucrt:osfinfo.obj
 0004:00000ee8       $pdata$_fcloseall          000000018002cee8     libucrt:closeall.obj
 0004:00000ef4       $pdata$_isatty             000000018002cef4     libucrt:isatty.obj
 0004:00000f00       $pdata$__acrt_free_locale  000000018002cf00     libucrt:locale_refcounting.obj
 0004:00000f0c       $pdata$__acrt_locale_free_lc_time_if_unreferenced 000000018002cf0c     libucrt:locale_refcounting.obj
 0004:00000f18       $pdata$__acrt_release_locale_ref 000000018002cf18     libucrt:locale_refcounting.obj
 0004:00000f24       $pdata$__acrt_update_thread_locale_data 000000018002cf24     libucrt:locale_refcounting.obj
 0004:00000f30       $pdata$_updatetlocinfoEx_nolock 000000018002cf30     libucrt:locale_refcounting.obj
 0004:00000f3c       $pdata$??$?RV<lambda_a37b2b86f63e897a80ea819b0eb08c01>@@AEAV<lambda_38ce7e780aa69e748d6df282ebc68efe>@@V<lambda_99fb1378e971ab6e7edea83e3a7a83a2>@@@?$__crt_seh_guarded_call@H@@QEAAH$$QEAV<lambda_a37b2b86f63e897a80ea819b0eb08c01>@@AEAV<lambda_38ce7e780aa69e748d6df282ebc68efe>@@$$QEAV<lambda_99fb1378e971ab6e7edea83e3a7a83a2>@@@Z 000000018002cf3c     libucrt:commit.obj
 0004:00000f48       $pdata$_commit             000000018002cf48     libucrt:commit.obj
 0004:00000f54       $pdata$?write_double_translated_ansi_nolock@@YA?AUwrite_result@?A0x17268360@@HQEBDI@Z 000000018002cf54     libucrt:write.obj
 0004:00000f60       $pdata$?write_text_ansi_nolock@@YA?AUwrite_result@?A0x17268360@@HQEBDI@Z 000000018002cf60     libucrt:write.obj
 0004:00000f6c       $pdata$?write_text_utf16le_nolock@@YA?AUwrite_result@?A0x17268360@@HQEBDI@Z 000000018002cf6c     libucrt:write.obj
 0004:00000f78       $pdata$?write_text_utf8_nolock@@YA?AUwrite_result@?A0x17268360@@HQEBDI@Z 000000018002cf78     libucrt:write.obj
 0004:00000f84       $pdata$_write              000000018002cf84     libucrt:write.obj
 0004:00000f90       $pdata$_write_nolock       000000018002cf90     libucrt:write.obj
 0004:00000f9c       $pdata$__acrt_locale_free_monetary 000000018002cf9c     libucrt:initmon.obj
 0004:00000fa8       $pdata$__acrt_locale_free_numeric 000000018002cfa8     libucrt:initnum.obj
 0004:00000fb4       $pdata$?free_crt_array_internal@@YAXQEAPEBX_K@Z 000000018002cfb4     libucrt:inittime.obj
 0004:00000fc0       $pdata$__acrt_locale_free_time 000000018002cfc0     libucrt:inittime.obj
 0004:00000fcc       $pdata$?__mbrtowc_utf8@__crt_mbstring@@YA_KPEA_WPEBD_KPEAU_Mbstatet@@@Z 000000018002cfcc     libucrt:mbrtowc.obj
 0004:00000fd8       $pdata$?__mbsrtowcs_utf8@__crt_mbstring@@YA_KPEA_WPEAPEBD_KPEAU_Mbstatet@@@Z 000000018002cfd8     libucrt:mbrtowc.obj
 0004:00000fe4       $pdata$?GetTableIndexFromLocaleName@@YAHPEB_W@Z 000000018002cfe4     libucrt:lcidtoname_downlevel.obj
 0004:00000ff0       $pdata$__acrt_DownlevelLocaleNameToLCID 000000018002cff0     libucrt:lcidtoname_downlevel.obj
 0004:00000ffc       $pdata$?__wcsrtombs_utf8@__crt_mbstring@@YA_KPEADPEAPEB_W_KPEAU_Mbstatet@@@Z 000000018002cffc     libucrt:wcrtomb.obj
 0004:00001008       $pdata$strncpy_s           000000018002d008     libucrt:strncpy_s.obj
 0004:00001020       $pdata$_call_matherr       000000018002d020     libucrt:libm_error.obj
 0004:0000102c       $pdata$_exception_enabled  000000018002d02c     libucrt:libm_error.obj
 0004:00001038       $pdata$_handle_error       000000018002d038     libucrt:libm_error.obj
 0004:00001044       $pdata$_handle_errorf      000000018002d044     libucrt:libm_error.obj
 0004:00001050       $pdata$qsort               000000018002d050     libucrt:qsort.obj
 0004:0000105c       $pdata$4$qsort             000000018002d05c     libucrt:qsort.obj
 0004:00001068       $pdata$5$qsort             000000018002d068     libucrt:qsort.obj
 0004:00001074       $pdata$fallbackMethod      000000018002d074     libucrt:strpbrk.obj
 0004:00001080       $pdata$strpbrk             000000018002d080     libucrt:strpbrk.obj
 0004:0000108c       $pdata$??$__acrt_convert_wcs_mbs@D_W$$A6A_KPEA_WPEBD_KPEAU__crt_locale_pointers@@@ZU__crt_win32_buffer_internal_dynamic_resizing@@@@YAHQEBDAEAV?$__crt_win32_buffer@_WU__crt_win32_buffer_internal_dynamic_resizing@@@@A6A_KPEA_WPEBD_KPEAU__crt_locale_pointers@@@Z5@Z 000000018002d08c     libucrt:findfirstfileexa.obj
 0004:00001098       $pdata$__acrt_FindFirstFileExA 000000018002d098     libucrt:findfirstfileexa.obj
 0004:000010a4       $pdata$??$__acrt_convert_wcs_mbs@_WD$$A6A_KPEADPEB_W_KPEAU__crt_locale_pointers@@@ZU__crt_win32_buffer_no_resizing@@@@YAHQEB_WAEAV?$__crt_win32_buffer@DU__crt_win32_buffer_no_resizing@@@@A6A_KPEADPEB_W_KPEAU__crt_locale_pointers@@@Z5@Z 000000018002d0a4     libucrt:findnextfilea.obj
 0004:000010b0       $pdata$__acrt_FindNextFileA 000000018002d0b0     libucrt:findnextfilea.obj
 0004:000010bc       $pdata$_mbsdec_l           000000018002d0bc     libucrt:mbsdec.obj
 0004:000010c8       $pdata$?initialize_multibyte@@YAHXZ 000000018002d0c8     libucrt:multibyte_initializer.obj
 0004:000010d4       $pdata$_msize_base         000000018002d0d4     libucrt:msize.obj
 0004:000010e0       $pdata$_putwch_nolock      000000018002d0e0     libucrt:putwch.obj
 0004:000010ec       $pdata$?__mbrtoc32_utf8@__crt_mbstring@@YA_KPEA_UPEBD_KPEAU_Mbstatet@@@Z 000000018002d0ec     libucrt:mbrtoc32.obj
 0004:00001104       $pdata$?__c16rtomb_utf8@__crt_mbstring@@YA_KPEAD_SPEAU_Mbstatet@@@Z 000000018002d104     libucrt:c16rtomb.obj
 0004:00001110       $pdata$__dcrt_lowio_ensure_console_output_initialized 000000018002d110     libucrt:initcon.obj
 0004:0000111c       $pdata$__dcrt_terminate_console_output 000000018002d11c     libucrt:initcon.obj
 0004:00001128       $pdata$__dcrt_write_console 000000018002d128     libucrt:initcon.obj
 0004:00001134       $pdata$_log10_special      000000018002d134     libucrt:log_special.obj
 0004:00001140       $pdata$_log_special        000000018002d140     libucrt:log_special.obj
 0004:0000114c       $pdata$_log_special_common 000000018002d14c     libucrt:log_special.obj
 0004:00001158       $pdata$?__c32rtomb_utf8@__crt_mbstring@@YA_KPEAD_UPEAU_Mbstatet@@@Z 000000018002d158     libucrt:c32rtomb.obj
 0004:00001164       $pdata$?DloadAcquireSectionWriteAccess@@YAXXZ 000000018002d164     DelayImp:delayhlp.obj
 0004:00001170       $pdata$?DloadGetSRWLockFunctionPointers@@YAEXZ 000000018002d170     DelayImp:delayhlp.obj
 0004:0000117c       $pdata$?DloadMakePermanentImageCommit@@YAXPEAX_K@Z 000000018002d17c     DelayImp:delayhlp.obj
 0004:00001188       $pdata$?DloadObtainSection@@YAPEAXPEAK0@Z 000000018002d188     DelayImp:delayhlp.obj
 0004:00001194       $pdata$?DloadProtectSection@@YAXKPEAK@Z 000000018002d194     DelayImp:delayhlp.obj
 0004:000011a0       $pdata$?DloadReleaseSectionWriteAccess@@YAXXZ 000000018002d1a0     DelayImp:delayhlp.obj
 0004:000011ac       $pdata$__delayLoadHelper2  000000018002d1ac     DelayImp:delayhlp.obj
 0004:000011b8       $pdata$_IsNonwritableInCurrentImage 000000018002d1b8     LIBCMT:pesect.obj
 0004:000011e8       $pdata$sqrt                000000018002d1e8     libucrt:sqrt.obj
 0004:000011f4       $pdata$_exp_special        000000018002d1f4     libucrt:exp_special.obj
 0004:00001230       $pdata$_sincos_special     000000018002d230     libucrt:sincos_special.obj
 0004:00001254       $pdata$?fin$0@?0??dllmain_crt_process_attach@@YAHQEAUHINSTANCE__@@QEAX@Z@4HA 000000018002d254     LIBCMT:dll_dllmain.obj
 0004:00001260       $pdata$?fin$0@?0??dllmain_crt_process_detach@@YAH_N@Z@4HA 000000018002d260     LIBCMT:dll_dllmain.obj
 0004:0000126c       $pdata$?filt$0@?0??dllmain_dispatch@@YAHQEAUHINSTANCE__@@KQEAX@Z@4HA 000000018002d26c     LIBCMT:dll_dllmain.obj
 0004:00001278       $pdata$__scrt_is_nonwritable_in_current_image$filt$0 000000018002d278     LIBCMT:utility.obj
 0004:00001284       $pdata$?filt$0@?0???$_CallSETranslator@V__FrameHandler3@@@@YAHPEAUEHExceptionRecord@@PEA_KPEAU_CONTEXT@@PEAU_xDISPATCHER_CONTEXT@@PEBU_s_FuncInfo@@K1@Z@4HA 000000018002d284     libvcruntime:risctrnsctrl.obj
 0004:00001290       $pdata$__DestructExceptionObject$filt$0 000000018002d290     libvcruntime:ehhelpers.obj
 0004:0000129c       $pdata$?filt$0@?0??CxxCallCatchBlock@__FrameHandler3@@SAPEAXPEAU_EXCEPTION_RECORD@@@Z@4HA 000000018002d29c     libvcruntime:frame.obj
 0004:000012a8       $pdata$?fin$1@?0??CxxCallCatchBlock@__FrameHandler3@@SAPEAXPEAU_EXCEPTION_RECORD@@@Z@4HA 000000018002d2a8     libvcruntime:frame.obj
 0004:000012b4       $pdata$?filt$0@?0??FrameUnwindToState@__FrameHandler3@@SAXPEA_KPEAU_xDISPATCHER_CONTEXT@@PEBU_s_FuncInfo@@H@Z@4HA 000000018002d2b4     libvcruntime:frame.obj
 0004:000012c0       $pdata$?fin$1@?0??FrameUnwindToState@__FrameHandler3@@SAXPEA_KPEAU_xDISPATCHER_CONTEXT@@PEBU_s_FuncInfo@@H@Z@4HA 000000018002d2c0     libvcruntime:frame.obj
 0004:000012cc       $pdata$fclose$fin$0        000000018002d2cc     libucrt:fclose.obj
 0004:000012d8       $pdata$_query_new_handler$fin$0 000000018002d2d8     libucrt:new_handler.obj
 0004:000012e4       $pdata$?fin$0@?0???$?RV<lambda_0ae27a3a962d80f24befdcbee591983d>@@AEAV<lambda_8d0ee55de4b1038c4002e0adecdf1839>@@V<lambda_dc504788e8f1664fe9b84e20bfb512f2>@@@?$__crt_seh_guarded_call@X@@QEAAX$$QEAV<lambda_0ae27a3a962d80f24befdcbee591983d>@@AEAV<lambda_8d0ee55de4b1038c4002e0adecdf1839>@@$$QEAV<lambda_dc504788e8f1664fe9b84e20bfb512f2>@@@Z@4HA 000000018002d2e4     libucrt:per_thread_data.obj
 0004:000012e4       $pdata$?fin$0@?0???$?RV<lambda_450d765d439847d4c735a33c368b5fc0>@@AEAV<lambda_44731a7d0e6d81c3e6aa82d741081786>@@V<lambda_601a2a7da3b7a96e9554ac7215c4b07c>@@@?$__crt_seh_guarded_call@P6AXH@Z@@QEAAP6AXH@Z$$QEAV<lambda_450d765d439847d4c735a33c368b5fc0>@@AEAV<lambda_44731a7d0e6d81c3e6aa82d741081786>@@$$QEAV<lambda_601a2a7da3b7a96e9554ac7215c4b07c>@@@Z@4HA 000000018002d2e4     libucrt:signal.obj
 0004:000012e4       $pdata$?fin$0@?0???$?RV<lambda_7777bce6b2f8c936911f934f8298dc43>@@AEAV<lambda_f03950bc5685219e0bcd2087efbe011e>@@V<lambda_3883c3dff614d5e0c5f61bb1ac94921c>@@@?$__crt_seh_guarded_call@H@@QEAAH$$QEAV<lambda_7777bce6b2f8c936911f934f8298dc43>@@AEAV<lambda_f03950bc5685219e0bcd2087efbe011e>@@$$QEAV<lambda_3883c3dff614d5e0c5f61bb1ac94921c>@@@Z@4HA 000000018002d2e4     libucrt:onexit.obj
 0004:000012e4       $pdata$?fin$0@?0???$?RV<lambda_8369fcb7c4df1e85de37618bd2b85f07>@@AEAV<lambda_a10e4b102d4a2c3aac6f4f48bbdf488f>@@V<lambda_5b7707bd6d7a0c4713179f36c7fd995d>@@@?$__crt_seh_guarded_call@H@@QEAAH$$QEAV<lambda_8369fcb7c4df1e85de37618bd2b85f07>@@AEAV<lambda_a10e4b102d4a2c3aac6f4f48bbdf488f>@@$$QEAV<lambda_5b7707bd6d7a0c4713179f36c7fd995d>@@@Z@4HA 000000018002d2e4     libucrt:onexit.obj
 0004:000012e4       $pdata$?fin$0@?0???$?RV<lambda_f2e299630e499de9f9a165e60fcd3db5>@@AEAV<lambda_2ae9d31cdba2644fcbeaf08da7c24588>@@V<lambda_40d01ff24d0e7b3814fdbdcee8eab3c7>@@@?$__crt_seh_guarded_call@X@@QEAAX$$QEAV<lambda_f2e299630e499de9f9a165e60fcd3db5>@@AEAV<lambda_2ae9d31cdba2644fcbeaf08da7c24588>@@$$QEAV<lambda_40d01ff24d0e7b3814fdbdcee8eab3c7>@@@Z@4HA 000000018002d2e4     libucrt:per_thread_data.obj
 0004:000012e4       $pdata$?fin$0@?0???$?RV<lambda_efdfa57d1f175319df784efa44bb7b81>@@AEAV<lambda_5f0a4c1567f8adc6734073e5d1e1b35c>@@V<lambda_2e8a7d3640ea6ccb4c2413664c2db6fd>@@@?$__crt_seh_guarded_call@X@@QEAAX$$QEAV<lambda_efdfa57d1f175319df784efa44bb7b81>@@AEAV<lambda_5f0a4c1567f8adc6734073e5d1e1b35c>@@$$QEAV<lambda_2e8a7d3640ea6ccb4c2413664c2db6fd>@@@Z@4HA 000000018002d2e4     libucrt:mbctype.obj
 0004:000012e4       $pdata$?fin$0@?0???$?RV<lambda_2d41944a1d46af3157314b8a01080d33>@@AEAV<lambda_8f455de75cd7d7f24b4096f044d8b9e6>@@V<lambda_aa500f224e6afead328df44964fe2772>@@@?$__crt_seh_guarded_call@X@@QEAAX$$QEAV<lambda_2d41944a1d46af3157314b8a01080d33>@@AEAV<lambda_8f455de75cd7d7f24b4096f044d8b9e6>@@$$QEAV<lambda_aa500f224e6afead328df44964fe2772>@@@Z@4HA 000000018002d2e4     libucrt:per_thread_data.obj
 0004:000012e4       $pdata$?fin$0@?0???$?RV<lambda_aa87e3671a710a21b5dc78c0bdf72e11>@@AEAV<lambda_92619d2358a28f41a33ba319515a20b9>@@V<lambda_6992ecaafeb10aed2b74cb1fae11a551>@@@?$__crt_seh_guarded_call@X@@QEAAX$$QEAV<lambda_aa87e3671a710a21b5dc78c0bdf72e11>@@AEAV<lambda_92619d2358a28f41a33ba319515a20b9>@@$$QEAV<lambda_6992ecaafeb10aed2b74cb1fae11a551>@@@Z@4HA 000000018002d2e4     libucrt:per_thread_data.obj
 0004:000012e4       $pdata$?fin$0@?0???$?RV<lambda_d80eeec6fff315bfe5c115232f3240e3>@@AEAV<lambda_6e4b09c48022b2350581041d5f6b0c4c>@@V<lambda_2358e3775559c9db80273638284d5e45>@@@?$__crt_seh_guarded_call@X@@QEAAX$$QEAV<lambda_d80eeec6fff315bfe5c115232f3240e3>@@AEAV<lambda_6e4b09c48022b2350581041d5f6b0c4c>@@$$QEAV<lambda_2358e3775559c9db80273638284d5e45>@@@Z@4HA 000000018002d2e4     libucrt:exit.obj
 0004:000012f0       $pdata$?filt$0@?0???R<lambda_6e4b09c48022b2350581041d5f6b0c4c>@@QEBA@XZ@4HA 000000018002d2f0     libucrt:exit.obj
 0004:000012fc       $pdata$__acrt_initialize_lowio$fin$0 000000018002d2fc     libucrt:ioinit.obj
 0004:000012fc       $pdata$__acrt_lowio_ensure_fh_exists$fin$0 000000018002d2fc     libucrt:osfinfo.obj
 0004:00001308       $pdata$raise$fin$0         000000018002d308     libucrt:signal.obj
 0004:00001314       $pdata$?fin$0@?0???$?RV<lambda_751a882b2c74d4b022dec766aa51a29a>@@AEAV<lambda_628dfdc04ba53c8bfc02c9951375f3f5>@@V<lambda_f6c7be5f7998530c34de24c7437d6b54>@@@?$__crt_seh_guarded_call@H@@QEAAH$$QEAV<lambda_751a882b2c74d4b022dec766aa51a29a>@@AEAV<lambda_628dfdc04ba53c8bfc02c9951375f3f5>@@$$QEAV<lambda_f6c7be5f7998530c34de24c7437d6b54>@@@Z@4HA 000000018002d314     libucrt:close.obj
 0004:00001314       $pdata$?fin$0@?0???$?RV<lambda_a37b2b86f63e897a80ea819b0eb08c01>@@AEAV<lambda_38ce7e780aa69e748d6df282ebc68efe>@@V<lambda_99fb1378e971ab6e7edea83e3a7a83a2>@@@?$__crt_seh_guarded_call@H@@QEAAH$$QEAV<lambda_a37b2b86f63e897a80ea819b0eb08c01>@@AEAV<lambda_38ce7e780aa69e748d6df282ebc68efe>@@$$QEAV<lambda_99fb1378e971ab6e7edea83e3a7a83a2>@@@Z@4HA 000000018002d314     libucrt:commit.obj
 0004:00001320       $pdata$?fin$0@?0???$?RV<lambda_842d9ff0dc9ef11c61343bbaebe7f885>@@AEAV<lambda_c5860995281e5c4ce005b3de8f5874ee>@@V<lambda_d90129c13df834fdcbf8d2b88dafcf2d>@@@?$__crt_seh_guarded_call@X@@QEAAX$$QEAV<lambda_842d9ff0dc9ef11c61343bbaebe7f885>@@AEAV<lambda_c5860995281e5c4ce005b3de8f5874ee>@@$$QEAV<lambda_d90129c13df834fdcbf8d2b88dafcf2d>@@@Z@4HA 000000018002d320     libucrt:fflush.obj
 0004:0000132c       $pdata$?fin$0@?0???$?RV<lambda_886d6c58226a84441f68b9f2b8217b83>@@AEAV<lambda_ab61a845afdef5b7c387490eaf3616ee>@@V<lambda_f7f22ab5edc0698d5f6905b0d3f44752>@@@?$__crt_seh_guarded_call@X@@QEAAX$$QEAV<lambda_886d6c58226a84441f68b9f2b8217b83>@@AEAV<lambda_ab61a845afdef5b7c387490eaf3616ee>@@$$QEAV<lambda_f7f22ab5edc0698d5f6905b0d3f44752>@@@Z@4HA 000000018002d32c     libucrt:fflush.obj
 0004:00001338       $pdata$?fin$0@?0???$?RV<lambda_410d79af7f07d98d83a3f525b3859a53>@@AEAV<lambda_3e16ef9562a7dcce91392c22ab16ea36>@@V<lambda_38119f0e861e05405d8a144b9b982f0a>@@@?$__crt_seh_guarded_call@X@@QEAAX$$QEAV<lambda_410d79af7f07d98d83a3f525b3859a53>@@AEAV<lambda_3e16ef9562a7dcce91392c22ab16ea36>@@$$QEAV<lambda_38119f0e861e05405d8a144b9b982f0a>@@@Z@4HA 000000018002d338     libucrt:wsetlocale.obj
 0004:00001344       $pdata$_ctrlfp$filt$0      000000018002d344     libucrt:fpctrl.obj
 0004:00001350       $pdata$?fin$0@?0??update_thread_multibyte_data_internal@@YAPEAU__crt_multibyte_data@@QEAU__acrt_ptd@@QEAPEAU1@@Z@4HA 000000018002d350     libucrt:mbctype.obj
 0004:0000135c       $pdata$_fcloseall$fin$0    000000018002d35c     libucrt:closeall.obj
 0004:00001368       $pdata$__acrt_update_thread_locale_data$fin$0 000000018002d368     libucrt:locale_refcounting.obj
 0004:00001374       $pdata$_write$fin$0        000000018002d374     libucrt:write.obj
 0004:00001380       $pdata$_IsNonwritableInCurrentImage$filt$0 000000018002d380     LIBCMT:pesect.obj
 0004:0000138c       $pdata$??__Fclassic_locale@std@@YAXXZ 000000018002d38c     libcpmt:locale0.obj
 0004:00001398       $pdata$??__Finit_atexit@@YAXXZ 000000018002d398     libcpmt:iosptrs.obj
 0005:00000060       $R000000                   000000018002e060     * linker generated manifest res *

 Exports

  ordinal    name

        1    _register_myModule_
